======================================
Preparing clean push to tlustes repository
======================================
Using existing temporary repo...
Fetching latest from origin...
Cleaning repository working tree...
Copying new data folders...
NOTE: Skipping Windows-reserved filenames (CON, PRN, AUX, NUL, COM1-9, LPT1-9).
Copying data_crypto...

-------------------------------------------------------------------------------
   ROBOCOPY     ::     Robust File Copy for Windows                              
-------------------------------------------------------------------------------

  Started : Monday, March 16, 2026 8:03:58 PM
   Source : C:\Users\stunt\lyse-lby\git\data_crypto\
     Dest : C:\Users\stunt\lyse-lby\git\_push_repo\data_crypto\

    Files : *.*
	    
Exc Files : CON.*
	    PRN.*
	    AUX.*
	    NUL.*
	    COM1.*
	    COM2.*
	    COM3.*
	    COM4.*
	    COM5.*
	    COM6.*
	    COM7.*
	    COM8.*
	    COM9.*
	    LPT1.*
	    LPT2.*
	    LPT3.*
	    LPT4.*
	    LPT5.*
	    LPT6.*
	    LPT7.*
	    LPT8.*
	    LPT9.*
	    
  Options : *.* /S /E /DCOPY:DA /COPY:DAT /R:1000000 /W:30 

------------------------------------------------------------------------------

	  New Dir          0	C:\Users\stunt\lyse-lby\git\data_crypto\

------------------------------------------------------------------------------

               Total    Copied   Skipped  Mismatch    FAILED    Extras
    Dirs :         1         1         0         0         0         0
   Files :         0         0         0         0         0         0
   Bytes :         0         0         0         0         0         0
   Times :   0:00:00   0:00:00                       0:00:00   0:00:00
   Ended : Monday, March 16, 2026 8:03:58 PM

Copying data_europe...

-------------------------------------------------------------------------------
   ROBOCOPY     ::     Robust File Copy for Windows                              
-------------------------------------------------------------------------------

  Started : Monday, March 16, 2026 8:03:58 PM
   Source : C:\Users\stunt\lyse-lby\git\data_europe\
     Dest : C:\Users\stunt\lyse-lby\git\_push_repo\data_europe\

    Files : *.*
	    
Exc Files : CON.*
	    PRN.*
	    AUX.*
	    NUL.*
	    COM1.*
	    COM2.*
	    COM3.*
	    COM4.*
	    COM5.*
	    COM6.*
	    COM7.*
	    COM8.*
	    COM9.*
	    LPT1.*
	    LPT2.*
	    LPT3.*
	    LPT4.*
	    LPT5.*
	    LPT6.*
	    LPT7.*
	    LPT8.*
	    LPT9.*
	    
  Options : *.* /S /E /DCOPY:DA /COPY:DAT /R:1000000 /W:30 

------------------------------------------------------------------------------

	  New Dir          0	C:\Users\stunt\lyse-lby\git\data_europe\

------------------------------------------------------------------------------

               Total    Copied   Skipped  Mismatch    FAILED    Extras
    Dirs :         1         1         0         0         0         0
   Files :         0         0         0         0         0         0
   Bytes :         0         0         0         0         0         0
   Times :   0:00:00   0:00:00                       0:00:00   0:00:00
   Ended : Monday, March 16, 2026 8:03:58 PM

Copying data_sp500...

-------------------------------------------------------------------------------
   ROBOCOPY     ::     Robust File Copy for Windows                              
-------------------------------------------------------------------------------

  Started : Monday, March 16, 2026 8:03:58 PM
   Source : C:\Users\stunt\lyse-lby\git\data_sp500\
     Dest : C:\Users\stunt\lyse-lby\git\_push_repo\data_sp500\

    Files : *.*
	    
Exc Files : CON.*
	    PRN.*
	    AUX.*
	    NUL.*
	    COM1.*
	    COM2.*
	    COM3.*
	    COM4.*
	    COM5.*
	    COM6.*
	    COM7.*
	    COM8.*
	    COM9.*
	    LPT1.*
	    LPT2.*
	    LPT3.*
	    LPT4.*
	    LPT5.*
	    LPT6.*
	    LPT7.*
	    LPT8.*
	    LPT9.*
	    
  Options : *.* /S /E /DCOPY:DA /COPY:DAT /R:1000000 /W:30 

------------------------------------------------------------------------------

	  New Dir          0	C:\Users\stunt\lyse-lby\git\data_sp500\

------------------------------------------------------------------------------

               Total    Copied   Skipped  Mismatch    FAILED    Extras
    Dirs :         1         1         0         0         0         0
   Files :         0         0         0         0         0         0
   Bytes :         0         0         0         0         0         0
   Times :   0:00:00   0:00:00                       0:00:00   0:00:00
   Ended : Monday, March 16, 2026 8:03:58 PM

Copying signals.csv...
Adding files to git...
[main 342aa4d] Replace data folders and signals.csv
 1714 files changed, 341111 deletions(-)
 delete mode 100644 data_crypto/AAVE-USD_1d.csv
 delete mode 100644 data_crypto/AAVE-USD_1w.csv
 delete mode 100644 data_crypto/ADA-USD_1d.csv
 delete mode 100644 data_crypto/ADA-USD_1w.csv
 delete mode 100644 data_crypto/ALGO-USD_1d.csv
 delete mode 100644 data_crypto/ALGO-USD_1w.csv
 delete mode 100644 data_crypto/APE-USD_1d.csv
 delete mode 100644 data_crypto/APE-USD_1w.csv
 delete mode 100644 data_crypto/ATOM-USD_1d.csv
 delete mode 100644 data_crypto/ATOM-USD_1w.csv
 delete mode 100644 data_crypto/ATOM_1d.csv
 delete mode 100644 data_crypto/ATOM_1w.csv
 delete mode 100644 data_crypto/AVAX-USD_1d.csv
 delete mode 100644 data_crypto/AVAX-USD_1w.csv
 delete mode 100644 data_crypto/AXS-USD_1d.csv
 delete mode 100644 data_crypto/AXS-USD_1w.csv
 delete mode 100644 data_crypto/AXS_1d.csv
 delete mode 100644 data_crypto/AXS_1w.csv
 delete mode 100644 data_crypto/BNB-USD_1d.csv
 delete mode 100644 data_crypto/BNB-USD_1w.csv
 delete mode 100644 data_crypto/BTC-USD_1d.csv
 delete mode 100644 data_crypto/BTC-USD_1w.csv
 delete mode 100644 data_crypto/BTC_1d.csv
 delete mode 100644 data_crypto/BTC_1w.csv
 delete mode 100644 data_crypto/BTG-USD_1d.csv
 delete mode 100644 data_crypto/BTG-USD_1w.csv
 delete mode 100644 data_crypto/BTG_1d.csv
 delete mode 100644 data_crypto/BTG_1w.csv
 delete mode 100644 data_crypto/BTM_1d.csv
 delete mode 100644 data_crypto/BTM_1w.csv
 delete mode 100644 data_crypto/CAKE-USD_1d.csv
 delete mode 100644 data_crypto/CAKE-USD_1w.csv
 delete mode 100644 data_crypto/CAKE_1d.csv
 delete mode 100644 data_crypto/CAKE_1w.csv
 delete mode 100644 data_crypto/CHZ-USD_1d.csv
 delete mode 100644 data_crypto/CHZ-USD_1w.csv
 delete mode 100644 data_crypto/DASH-USD_1d.csv
 delete mode 100644 data_crypto/DASH-USD_1w.csv
 delete mode 100644 data_crypto/DASH_1d.csv
 delete mode 100644 data_crypto/DASH_1w.csv
 delete mode 100644 data_crypto/DOGE-USD_1d.csv
 delete mode 100644 data_crypto/DOGE-USD_1w.csv
 delete mode 100644 data_crypto/DOT-USD_1d.csv
 delete mode 100644 data_crypto/DOT-USD_1w.csv
 delete mode 100644 data_crypto/EGLD-USD_1d.csv
 delete mode 100644 data_crypto/EGLD-USD_1w.csv
 delete mode 100644 data_crypto/ENJ-USD_1d.csv
 delete mode 100644 data_crypto/ENJ-USD_1w.csv
 delete mode 100644 data_crypto/ENJ_1d.csv
 delete mode 100644 data_crypto/ENJ_1w.csv
 delete mode 100644 data_crypto/EOS-USD_1d.csv
 delete mode 100644 data_crypto/EOS-USD_1w.csv
 delete mode 100644 data_crypto/EOS_1d.csv
 delete mode 100644 data_crypto/EOS_1w.csv
 delete mode 100644 data_crypto/ETH-USD_1d.csv
 delete mode 100644 data_crypto/ETH-USD_1w.csv
 delete mode 100644 data_crypto/ETH_1d.csv
 delete mode 100644 data_crypto/ETH_1w.csv
 delete mode 100644 data_crypto/FIL-USD_1d.csv
 delete mode 100644 data_crypto/FIL-USD_1w.csv
 delete mode 100644 data_crypto/FTM-USD_1d.csv
 delete mode 100644 data_crypto/FTM-USD_1w.csv
 delete mode 100644 data_crypto/KLAY-USD_1d.csv
 delete mode 100644 data_crypto/KLAY-USD_1w.csv
 delete mode 100644 data_crypto/KSM-USD_1d.csv
 delete mode 100644 data_crypto/KSM-USD_1w.csv
 delete mode 100644 data_crypto/LINK-USD_1d.csv
 delete mode 100644 data_crypto/LINK-USD_1w.csv
 delete mode 100644 data_crypto/LINK_1d.csv
 delete mode 100644 data_crypto/LINK_1w.csv
 delete mode 100644 data_crypto/LTC-USD_1d.csv
 delete mode 100644 data_crypto/LTC-USD_1w.csv
 delete mode 100644 data_crypto/LTC_1d.csv
 delete mode 100644 data_crypto/LTC_1w.csv
 delete mode 100644 data_crypto/MANA-USD_1d.csv
 delete mode 100644 data_crypto/MANA-USD_1w.csv
 delete mode 100644 data_crypto/MANA_1d.csv
 delete mode 100644 data_crypto/MANA_1w.csv
 delete mode 100644 data_crypto/MATIC-USD_1d.csv
 delete mode 100644 data_crypto/MATIC-USD_1w.csv
 delete mode 100644 data_crypto/MKR-USD_1d.csv
 delete mode 100644 data_crypto/MKR-USD_1w.csv
 delete mode 100644 data_crypto/MKR_1d.csv
 delete mode 100644 data_crypto/MKR_1w.csv
 delete mode 100644 data_crypto/NEAR-USD_1d.csv
 delete mode 100644 data_crypto/NEAR-USD_1w.csv
 delete mode 100644 data_crypto/NEAR_1d.csv
 delete mode 100644 data_crypto/NEAR_1w.csv
 delete mode 100644 data_crypto/NEO-USD_1d.csv
 delete mode 100644 data_crypto/NEO-USD_1w.csv
 delete mode 100644 data_crypto/NEO_1d.csv
 delete mode 100644 data_crypto/NEO_1w.csv
 delete mode 100644 data_crypto/QNT-USD_1d.csv
 delete mode 100644 data_crypto/QNT-USD_1w.csv
 delete mode 100644 data_crypto/SAND-USD_1d.csv
 delete mode 100644 data_crypto/SAND-USD_1w.csv
 delete mode 100644 data_crypto/SHIB-USD_1d.csv
 delete mode 100644 data_crypto/SHIB-USD_1w.csv
 delete mode 100644 data_crypto/SOL-USD_1d.csv
 delete mode 100644 data_crypto/SOL-USD_1w.csv
 delete mode 100644 data_crypto/THETA-USD_1d.csv
 delete mode 100644 data_crypto/THETA-USD_1w.csv
 delete mode 100644 data_crypto/TRX-USD_1d.csv
 delete mode 100644 data_crypto/TRX-USD_1w.csv
 delete mode 100644 data_crypto/TRX_1d.csv
 delete mode 100644 data_crypto/TRX_1w.csv
 delete mode 100644 data_crypto/UNI-USD_1d.csv
 delete mode 100644 data_crypto/UNI-USD_1w.csv
 delete mode 100644 data_crypto/UNI_1d.csv
 delete mode 100644 data_crypto/UNI_1w.csv
 delete mode 100644 data_crypto/USDC-USD_1d.csv
 delete mode 100644 data_crypto/USDC-USD_1w.csv
 delete mode 100644 data_crypto/USDC_1d.csv
 delete mode 100644 data_crypto/USDC_1w.csv
 delete mode 100644 data_crypto/USDT-USD_1d.csv
 delete mode 100644 data_crypto/USDT-USD_1w.csv
 delete mode 100644 data_crypto/VET-USD_1d.csv
 delete mode 100644 data_crypto/VET-USD_1w.csv
 delete mode 100644 data_crypto/VET_1d.csv
 delete mode 100644 data_crypto/VET_1w.csv
 delete mode 100644 data_crypto/WBTC-USD_1d.csv
 delete mode 100644 data_crypto/WBTC-USD_1w.csv
 delete mode 100644 data_crypto/XEM-USD_1d.csv
 delete mode 100644 data_crypto/XEM-USD_1w.csv
 delete mode 100644 data_crypto/XLM-USD_1d.csv
 delete mode 100644 data_crypto/XLM-USD_1w.csv
 delete mode 100644 data_crypto/XRP-USD_1d.csv
 delete mode 100644 data_crypto/XRP-USD_1w.csv
 delete mode 100644 data_crypto/XRP_1d.csv
 delete mode 100644 data_crypto/XRP_1w.csv
 delete mode 100644 data_crypto/XTZ-USD_1d.csv
 delete mode 100644 data_crypto/XTZ-USD_1w.csv
 delete mode 100644 data_crypto/ZIL-USD_1d.csv
 delete mode 100644 data_crypto/ZIL-USD_1w.csv
 delete mode 100644 data_europe/AAL.L_1d.csv
 delete mode 100644 data_europe/AAL.L_1w.csv
 delete mode 100644 data_europe/AALB.AS_1d.csv
 delete mode 100644 data_europe/AALB.AS_1w.csv
 delete mode 100644 data_europe/ABBN.SW_1d.csv
 delete mode 100644 data_europe/ABBN.SW_1w.csv
 delete mode 100644 data_europe/ABBV.SW_1d.csv
 delete mode 100644 data_europe/ABBV.SW_1w.csv
 delete mode 100644 data_europe/ABF.L_1d.csv
 delete mode 100644 data_europe/ABF.L_1w.csv
 delete mode 100644 data_europe/ABI.BR_1d.csv
 delete mode 100644 data_europe/ABI.BR_1w.csv
 delete mode 100644 data_europe/ABN.AS_1d.csv
 delete mode 100644 data_europe/ABN.AS_1w.csv
 delete mode 100644 data_europe/AC.PA_1d.csv
 delete mode 100644 data_europe/AC.PA_1w.csv
 delete mode 100644 data_europe/ACA.PA_1d.csv
 delete mode 100644 data_europe/ACA.PA_1w.csv
 delete mode 100644 data_europe/ACS.MC_1d.csv
 delete mode 100644 data_europe/ACS.MC_1w.csv
 delete mode 100644 data_europe/AD.AS_1d.csv
 delete mode 100644 data_europe/AD.AS_1w.csv
 delete mode 100644 data_europe/ADEN.SW_1d.csv
 delete mode 100644 data_europe/ADEN.SW_1w.csv
 delete mode 100644 data_europe/ADM.L_1d.csv
 delete mode 100644 data_europe/ADM.L_1w.csv
 delete mode 100644 data_europe/ADS.DE_1d.csv
 delete mode 100644 data_europe/ADS.DE_1w.csv
 delete mode 100644 data_europe/AENA.MC_1d.csv
 delete mode 100644 data_europe/AENA.MC_1w.csv
 delete mode 100644 data_europe/AF.PA_1d.csv
 delete mode 100644 data_europe/AF.PA_1w.csv
 delete mode 100644 data_europe/AIR.PA_1d.csv
 delete mode 100644 data_europe/AIR.PA_1w.csv
 delete mode 100644 data_europe/AIXA.DE_1d.csv
 delete mode 100644 data_europe/AIXA.DE_1w.csv
 delete mode 100644 data_europe/ALFA.ST_1d.csv
 delete mode 100644 data_europe/ALFA.ST_1w.csv
 delete mode 100644 data_europe/ALK-B.CO_1d.csv
 delete mode 100644 data_europe/ALK-B.CO_1w.csv
 delete mode 100644 data_europe/ALO.PA_1d.csv
 delete mode 100644 data_europe/ALO.PA_1w.csv
 delete mode 100644 data_europe/ALV.DE_1d.csv
 delete mode 100644 data_europe/ALV.DE_1w.csv
 delete mode 100644 data_europe/AMS.MC_1d.csv
 delete mode 100644 data_europe/AMS.MC_1w.csv
 delete mode 100644 data_europe/ANTO.L_1d.csv
 delete mode 100644 data_europe/ANTO.L_1w.csv
 delete mode 100644 data_europe/ASM.AS_1d.csv
 delete mode 100644 data_europe/ASM.AS_1w.csv
 delete mode 100644 data_europe/ASML.AS_1d.csv
 delete mode 100644 data_europe/ASML.AS_1w.csv
 delete mode 100644 data_europe/ASSA-B.ST_1d.csv
 delete mode 100644 data_europe/ASSA-B.ST_1w.csv
 delete mode 100644 data_europe/ATCO-A.ST_1d.csv
 delete mode 100644 data_europe/ATCO-A.ST_1w.csv
 delete mode 100644 data_europe/ATCO-B.ST_1d.csv
 delete mode 100644 data_europe/ATCO-B.ST_1w.csv
 delete mode 100644 data_europe/ATO.PA_1d.csv
 delete mode 100644 data_europe/ATO.PA_1w.csv
 delete mode 100644 data_europe/AUTO.L_1d.csv
 delete mode 100644 data_europe/AUTO.L_1w.csv
 delete mode 100644 data_europe/AV.L_1d.csv
 delete mode 100644 data_europe/AV.L_1w.csv
 delete mode 100644 data_europe/AZA.ST_1d.csv
 delete mode 100644 data_europe/AZA.ST_1w.csv
 delete mode 100644 data_europe/AZM.MI_1d.csv
 delete mode 100644 data_europe/AZM.MI_1w.csv
 delete mode 100644 data_europe/AZN.L_1d.csv
 delete mode 100644 data_europe/AZN.L_1w.csv
 delete mode 100644 data_europe/BA.L_1d.csv
 delete mode 100644 data_europe/BA.L_1w.csv
 delete mode 100644 data_europe/BAB.L_1d.csv
 delete mode 100644 data_europe/BAB.L_1w.csv
 delete mode 100644 data_europe/BAER.SW_1d.csv
 delete mode 100644 data_europe/BAER.SW_1w.csv
 delete mode 100644 data_europe/BAMI.MI_1d.csv
 delete mode 100644 data_europe/BAMI.MI_1w.csv
 delete mode 100644 data_europe/BARC.L_1d.csv
 delete mode 100644 data_europe/BARC.L_1w.csv
 delete mode 100644 data_europe/BAS.DE_1d.csv
 delete mode 100644 data_europe/BAS.DE_1w.csv
 delete mode 100644 data_europe/BATS.L_1d.csv
 delete mode 100644 data_europe/BATS.L_1w.csv
 delete mode 100644 data_europe/BAVA.CO_1d.csv
 delete mode 100644 data_europe/BAVA.CO_1w.csv
 delete mode 100644 data_europe/BAYN.DE_1d.csv
 delete mode 100644 data_europe/BAYN.DE_1w.csv
 delete mode 100644 data_europe/BEI.DE_1d.csv
 delete mode 100644 data_europe/BEI.DE_1w.csv
 delete mode 100644 data_europe/BESI.AS_1d.csv
 delete mode 100644 data_europe/BESI.AS_1w.csv
 delete mode 100644 data_europe/BHP.L_1d.csv
 delete mode 100644 data_europe/BHP.L_1w.csv
 delete mode 100644 data_europe/BLND.L_1d.csv
 delete mode 100644 data_europe/BLND.L_1w.csv
 delete mode 100644 data_europe/BMW.DE_1d.csv
 delete mode 100644 data_europe/BMW.DE_1w.csv
 delete mode 100644 data_europe/BN.PA_1d.csv
 delete mode 100644 data_europe/BN.PA_1w.csv
 delete mode 100644 data_europe/BNP.PA_1d.csv
 delete mode 100644 data_europe/BNP.PA_1w.csv
 delete mode 100644 data_europe/BNR.DE_1d.csv
 delete mode 100644 data_europe/BNR.DE_1w.csv
 delete mode 100644 data_europe/BOL.ST_1d.csv
 delete mode 100644 data_europe/BOL.ST_1w.csv
 delete mode 100644 data_europe/BOSS.DE_1d.csv
 delete mode 100644 data_europe/BOSS.DE_1w.csv
 delete mode 100644 data_europe/BP.L_1d.csv
 delete mode 100644 data_europe/BP.L_1w.csv
 delete mode 100644 data_europe/BPE.MI_1d.csv
 delete mode 100644 data_europe/BPE.MI_1w.csv
 delete mode 100644 data_europe/BRBY.L_1d.csv
 delete mode 100644 data_europe/BRBY.L_1w.csv
 delete mode 100644 data_europe/BT-A.L_1d.csv
 delete mode 100644 data_europe/BT-A.L_1w.csv
 delete mode 100644 data_europe/CA.PA_1d.csv
 delete mode 100644 data_europe/CA.PA_1w.csv
 delete mode 100644 data_europe/CABK.MC_1d.csv
 delete mode 100644 data_europe/CABK.MC_1w.csv
 delete mode 100644 data_europe/CAP.PA_1d.csv
 delete mode 100644 data_europe/CAP.PA_1w.csv
 delete mode 100644 data_europe/CARL-B.CO_1d.csv
 delete mode 100644 data_europe/CARL-B.CO_1w.csv
 delete mode 100644 data_europe/CBK.DE_1d.csv
 delete mode 100644 data_europe/CBK.DE_1w.csv
 delete mode 100644 data_europe/CLNX.MC_1d.csv
 delete mode 100644 data_europe/CLNX.MC_1w.csv
 delete mode 100644 data_europe/CNA.L_1d.csv
 delete mode 100644 data_europe/CNA.L_1w.csv
 delete mode 100644 data_europe/COFA.PA_1d.csv
 delete mode 100644 data_europe/COFA.PA_1w.csv
 delete mode 100644 data_europe/COL.MC_1d.csv
 delete mode 100644 data_europe/COL.MC_1w.csv
 delete mode 100644 data_europe/COLO-B.CO_1d.csv
 delete mode 100644 data_europe/COLO-B.CO_1w.csv
 delete mode 100644 data_europe/COLR.BR_1d.csv
 delete mode 100644 data_europe/COLR.BR_1w.csv
 delete mode 100644 data_europe/CPG.L_1d.csv
 delete mode 100644 data_europe/CPG.L_1w.csv
 delete mode 100644 data_europe/CPR.MI_1d.csv
 delete mode 100644 data_europe/CPR.MI_1w.csv
 delete mode 100644 data_europe/CRDA.L_1d.csv
 delete mode 100644 data_europe/CRDA.L_1w.csv
 delete mode 100644 data_europe/CRH.L_1d.csv
 delete mode 100644 data_europe/CRH.L_1w.csv
 delete mode 100644 data_europe/CS.PA_1d.csv
 delete mode 100644 data_europe/CS.PA_1w.csv
 delete mode 100644 data_europe/DB1.DE_1d.csv
 delete mode 100644 data_europe/DB1.DE_1w.csv
 delete mode 100644 data_europe/DBK.DE_1d.csv
 delete mode 100644 data_europe/DBK.DE_1w.csv
 delete mode 100644 data_europe/DCC.L_1d.csv
 delete mode 100644 data_europe/DCC.L_1w.csv
 delete mode 100644 data_europe/DEMANT.CO_1d.csv
 delete mode 100644 data_europe/DEMANT.CO_1w.csv
 delete mode 100644 data_europe/DG.PA_1d.csv
 delete mode 100644 data_europe/DG.PA_1w.csv
 delete mode 100644 data_europe/DGE.L_1d.csv
 delete mode 100644 data_europe/DGE.L_1w.csv
 delete mode 100644 data_europe/DHER.DE_1d.csv
 delete mode 100644 data_europe/DHER.DE_1w.csv
 delete mode 100644 data_europe/DIA.MI_1d.csv
 delete mode 100644 data_europe/DIA.MI_1w.csv
 delete mode 100644 data_europe/DSV.CO_1d.csv
 delete mode 100644 data_europe/DSV.CO_1w.csv
 delete mode 100644 data_europe/DTE.DE_1d.csv
 delete mode 100644 data_europe/DTE.DE_1w.csv
 delete mode 100644 data_europe/EDEN.PA_1d.csv
 delete mode 100644 data_europe/EDEN.PA_1w.csv
 delete mode 100644 data_europe/EL.PA_1d.csv
 delete mode 100644 data_europe/EL.PA_1w.csv
 delete mode 100644 data_europe/ELE.MC_1d.csv
 delete mode 100644 data_europe/ELE.MC_1w.csv
 delete mode 100644 data_europe/ELISA.HE_1d.csv
 delete mode 100644 data_europe/ELISA.HE_1w.csv
 delete mode 100644 data_europe/ELUX-B.ST_1d.csv
 delete mode 100644 data_europe/ELUX-B.ST_1w.csv
 delete mode 100644 data_europe/ENEL.MI_1d.csv
 delete mode 100644 data_europe/ENEL.MI_1w.csv
 delete mode 100644 data_europe/ENGI.PA_1d.csv
 delete mode 100644 data_europe/ENGI.PA_1w.csv
 delete mode 100644 data_europe/ENI.MI_1d.csv
 delete mode 100644 data_europe/ENI.MI_1w.csv
 delete mode 100644 data_europe/EOAN.DE_1d.csv
 delete mode 100644 data_europe/EOAN.DE_1w.csv
 delete mode 100644 data_europe/EQT.ST_1d.csv
 delete mode 100644 data_europe/EQT.ST_1w.csv
 delete mode 100644 data_europe/ERG.MI_1d.csv
 delete mode 100644 data_europe/ERG.MI_1w.csv
 delete mode 100644 data_europe/ERIC-B.ST_1d.csv
 delete mode 100644 data_europe/ERIC-B.ST_1w.csv
 delete mode 100644 data_europe/EVD.DE_1d.csv
 delete mode 100644 data_europe/EVD.DE_1w.csv
 delete mode 100644 data_europe/EVK.DE_1d.csv
 delete mode 100644 data_europe/EVK.DE_1w.csv
 delete mode 100644 data_europe/EXPN.L_1d.csv
 delete mode 100644 data_europe/EXPN.L_1w.csv
 delete mode 100644 data_europe/FBK.MI_1d.csv
 delete mode 100644 data_europe/FBK.MI_1w.csv
 delete mode 100644 data_europe/FER.MC_1d.csv
 delete mode 100644 data_europe/FER.MC_1w.csv
 delete mode 100644 data_europe/FME.DE_1d.csv
 delete mode 100644 data_europe/FME.DE_1w.csv
 delete mode 100644 data_europe/FNTN.DE_1d.csv
 delete mode 100644 data_europe/FNTN.DE_1w.csv
 delete mode 100644 data_europe/FORTUM.HE_1d.csv
 delete mode 100644 data_europe/FORTUM.HE_1w.csv
 delete mode 100644 data_europe/FRE.DE_1d.csv
 delete mode 100644 data_europe/FRE.DE_1w.csv
 delete mode 100644 data_europe/FRES.L_1d.csv
 delete mode 100644 data_europe/FRES.L_1w.csv
 delete mode 100644 data_europe/G.MI_1d.csv
 delete mode 100644 data_europe/G.MI_1w.csv
 delete mode 100644 data_europe/G1A.DE_1d.csv
 delete mode 100644 data_europe/G1A.DE_1w.csv
 delete mode 100644 data_europe/GEBN.SW_1d.csv
 delete mode 100644 data_europe/GEBN.SW_1w.csv
 delete mode 100644 data_europe/GET.PA_1d.csv
 delete mode 100644 data_europe/GET.PA_1w.csv
 delete mode 100644 data_europe/GIL.DE_1d.csv
 delete mode 100644 data_europe/GIL.DE_1w.csv
 delete mode 100644 data_europe/GLE.PA_1d.csv
 delete mode 100644 data_europe/GLE.PA_1w.csv
 delete mode 100644 data_europe/GLEN.L_1d.csv
 delete mode 100644 data_europe/GLEN.L_1w.csv
 delete mode 100644 data_europe/GN.CO_1d.csv
 delete mode 100644 data_europe/GN.CO_1w.csv
 delete mode 100644 data_europe/GRF.MC_1d.csv
 delete mode 100644 data_europe/GRF.MC_1w.csv
 delete mode 100644 data_europe/GSK.L_1d.csv
 delete mode 100644 data_europe/GSK.L_1w.csv
 delete mode 100644 data_europe/HAG.DE_1d.csv
 delete mode 100644 data_europe/HAG.DE_1w.csv
 delete mode 100644 data_europe/HEI.DE_1d.csv
 delete mode 100644 data_europe/HEI.DE_1w.csv
 delete mode 100644 data_europe/HEN3.DE_1d.csv
 delete mode 100644 data_europe/HEN3.DE_1w.csv
 delete mode 100644 data_europe/HER.MI_1d.csv
 delete mode 100644 data_europe/HER.MI_1w.csv
 delete mode 100644 data_europe/HEXA-B.ST_1d.csv
 delete mode 100644 data_europe/HEXA-B.ST_1w.csv
 delete mode 100644 data_europe/HIK.L_1d.csv
 delete mode 100644 data_europe/HIK.L_1w.csv
 delete mode 100644 data_europe/HLMA.L_1d.csv
 delete mode 100644 data_europe/HLMA.L_1w.csv
 delete mode 100644 data_europe/HM-B.ST_1d.csv
 delete mode 100644 data_europe/HM-B.ST_1w.csv
 delete mode 100644 data_europe/HMSO.L_1d.csv
 delete mode 100644 data_europe/HMSO.L_1w.csv
 delete mode 100644 data_europe/HO.PA_1d.csv
 delete mode 100644 data_europe/HO.PA_1w.csv
 delete mode 100644 data_europe/HOLN.SW_1d.csv
 delete mode 100644 data_europe/HOLN.SW_1w.csv
 delete mode 100644 data_europe/HSBA.L_1d.csv
 delete mode 100644 data_europe/HSBA.L_1w.csv
 delete mode 100644 data_europe/HUH1V.HE_1d.csv
 delete mode 100644 data_europe/HUH1V.HE_1w.csv
 delete mode 100644 data_europe/IAG.L_1d.csv
 delete mode 100644 data_europe/IAG.L_1w.csv
 delete mode 100644 data_europe/IBE.MC_1d.csv
 delete mode 100644 data_europe/IBE.MC_1w.csv
 delete mode 100644 data_europe/IFX.DE_1d.csv
 delete mode 100644 data_europe/IFX.DE_1w.csv
 delete mode 100644 data_europe/IG.MI_1d.csv
 delete mode 100644 data_europe/IG.MI_1w.csv
 delete mode 100644 data_europe/IHG.L_1d.csv
 delete mode 100644 data_europe/IHG.L_1w.csv
 delete mode 100644 data_europe/III.L_1d.csv
 delete mode 100644 data_europe/III.L_1w.csv
 delete mode 100644 data_europe/ILU.F_1d.csv
 delete mode 100644 data_europe/ILU.F_1w.csv
 delete mode 100644 data_europe/IMB.L_1d.csv
 delete mode 100644 data_europe/IMB.L_1w.csv
 delete mode 100644 data_europe/IMCD.AS_1d.csv
 delete mode 100644 data_europe/IMCD.AS_1w.csv
 delete mode 100644 data_europe/IMI.L_1d.csv
 delete mode 100644 data_europe/IMI.L_1w.csv
 delete mode 100644 data_europe/INGA.AS_1d.csv
 delete mode 100644 data_europe/INGA.AS_1w.csv
 delete mode 100644 data_europe/INVE-B.ST_1d.csv
 delete mode 100644 data_europe/INVE-B.ST_1w.csv
 delete mode 100644 data_europe/IPN.PA_1d.csv
 delete mode 100644 data_europe/IPN.PA_1w.csv
 delete mode 100644 data_europe/ISP.MI_1d.csv
 delete mode 100644 data_europe/ISP.MI_1w.csv
 delete mode 100644 data_europe/ISS.CO_1d.csv
 delete mode 100644 data_europe/ISS.CO_1w.csv
 delete mode 100644 data_europe/ITX.MC_1d.csv
 delete mode 100644 data_europe/ITX.MC_1w.csv
 delete mode 100644 data_europe/JD.L_1d.csv
 delete mode 100644 data_europe/JD.L_1w.csv
 delete mode 100644 data_europe/JEN.DE_1d.csv
 delete mode 100644 data_europe/JEN.DE_1w.csv
 delete mode 100644 data_europe/JMAT.L_1d.csv
 delete mode 100644 data_europe/JMAT.L_1w.csv
 delete mode 100644 data_europe/KBC.BR_1d.csv
 delete mode 100644 data_europe/KBC.BR_1w.csv
 delete mode 100644 data_europe/KCR.HE_1d.csv
 delete mode 100644 data_europe/KCR.HE_1w.csv
 delete mode 100644 data_europe/KEMIRA.HE_1d.csv
 delete mode 100644 data_europe/KEMIRA.HE_1w.csv
 delete mode 100644 data_europe/KER.PA_1d.csv
 delete mode 100644 data_europe/KER.PA_1w.csv
 delete mode 100644 data_europe/KESKOA.HE_1d.csv
 delete mode 100644 data_europe/KESKOA.HE_1w.csv
 delete mode 100644 data_europe/KGF.L_1d.csv
 delete mode 100644 data_europe/KGF.L_1w.csv
 delete mode 100644 data_europe/KGH.L_1d.csv
 delete mode 100644 data_europe/KGH.L_1w.csv
 delete mode 100644 data_europe/KINV-B.ST_1d.csv
 delete mode 100644 data_europe/KINV-B.ST_1w.csv
 delete mode 100644 data_europe/KNEBV.HE_1d.csv
 delete mode 100644 data_europe/KNEBV.HE_1w.csv
 delete mode 100644 data_europe/KPN.AS_1d.csv
 delete mode 100644 data_europe/KPN.AS_1w.csv
 delete mode 100644 data_europe/LAND.L_1d.csv
 delete mode 100644 data_europe/LAND.L_1w.csv
 delete mode 100644 data_europe/LATO-B.ST_1d.csv
 delete mode 100644 data_europe/LATO-B.ST_1w.csv
 delete mode 100644 data_europe/LDO.MI_1d.csv
 delete mode 100644 data_europe/LDO.MI_1w.csv
 delete mode 100644 data_europe/LEG.DE_1d.csv
 delete mode 100644 data_europe/LEG.DE_1w.csv
 delete mode 100644 data_europe/LGEN.L_1d.csv
 delete mode 100644 data_europe/LGEN.L_1w.csv
 delete mode 100644 data_europe/LHA.DE_1d.csv
 delete mode 100644 data_europe/LHA.DE_1w.csv
 delete mode 100644 data_europe/LIN.DE_1d.csv
 delete mode 100644 data_europe/LIN.DE_1w.csv
 delete mode 100644 data_europe/LLOY.L_1d.csv
 delete mode 100644 data_europe/LLOY.L_1w.csv
 delete mode 100644 data_europe/LONN.SW_1d.csv
 delete mode 100644 data_europe/LONN.SW_1w.csv
 delete mode 100644 data_europe/LR.PA_1d.csv
 delete mode 100644 data_europe/LR.PA_1w.csv
 delete mode 100644 data_europe/LSEG.L_1d.csv
 delete mode 100644 data_europe/LSEG.L_1w.csv
 delete mode 100644 data_europe/MAERSK-B.CO_1d.csv
 delete mode 100644 data_europe/MAERSK-B.CO_1w.csv
 delete mode 100644 data_europe/MAP.MC_1d.csv
 delete mode 100644 data_europe/MAP.MC_1w.csv
 delete mode 100644 data_europe/MB.MI_1d.csv
 delete mode 100644 data_europe/MB.MI_1w.csv
 delete mode 100644 data_europe/MBG.DE_1d.csv
 delete mode 100644 data_europe/MBG.DE_1w.csv
 delete mode 100644 data_europe/MC.PA_1d.csv
 delete mode 100644 data_europe/MC.PA_1w.csv
 delete mode 100644 data_europe/MEL.MC_1d.csv
 delete mode 100644 data_europe/MEL.MC_1w.csv
 delete mode 100644 data_europe/METSO.HE_1d.csv
 delete mode 100644 data_europe/METSO.HE_1w.csv
 delete mode 100644 data_europe/MGNS.L_1d.csv
 delete mode 100644 data_europe/MGNS.L_1w.csv
 delete mode 100644 data_europe/MKS.L_1d.csv
 delete mode 100644 data_europe/MKS.L_1w.csv
 delete mode 100644 data_europe/ML.PA_1d.csv
 delete mode 100644 data_europe/ML.PA_1w.csv
 delete mode 100644 data_europe/MNDI.L_1d.csv
 delete mode 100644 data_europe/MNDI.L_1w.csv
 delete mode 100644 data_europe/MONC.MI_1d.csv
 delete mode 100644 data_europe/MONC.MI_1w.csv
 delete mode 100644 data_europe/MRK.DE_1d.csv
 delete mode 100644 data_europe/MRK.DE_1w.csv
 delete mode 100644 data_europe/MRO.L_1d.csv
 delete mode 100644 data_europe/MRO.L_1w.csv
 delete mode 100644 data_europe/MT.AS_1d.csv
 delete mode 100644 data_europe/MT.AS_1w.csv
 delete mode 100644 data_europe/MTX.DE_1d.csv
 delete mode 100644 data_europe/MTX.DE_1w.csv
 delete mode 100644 data_europe/MUV2.DE_1d.csv
 delete mode 100644 data_europe/MUV2.DE_1w.csv
 delete mode 100644 data_europe/NDA-FI.HE_1d.csv
 delete mode 100644 data_europe/NDA-FI.HE_1w.csv
 delete mode 100644 data_europe/NDA-SE.ST_1d.csv
 delete mode 100644 data_europe/NDA-SE.ST_1w.csv
 delete mode 100644 data_europe/NESN.SW_1d.csv
 delete mode 100644 data_europe/NESN.SW_1w.csv
 delete mode 100644 data_europe/NETC.CO_1d.csv
 delete mode 100644 data_europe/NETC.CO_1w.csv
 delete mode 100644 data_europe/NEXI.MI_1d.csv
 delete mode 100644 data_europe/NEXI.MI_1w.csv
 delete mode 100644 data_europe/NG.L_1d.csv
 delete mode 100644 data_europe/NG.L_1w.csv
 delete mode 100644 data_europe/NIBE-B.ST_1d.csv
 delete mode 100644 data_europe/NIBE-B.ST_1w.csv
 delete mode 100644 data_europe/NOKIA.HE_1d.csv
 delete mode 100644 data_europe/NOKIA.HE_1w.csv
 delete mode 100644 data_europe/NOVN.SW_1d.csv
 delete mode 100644 data_europe/NOVN.SW_1w.csv
 delete mode 100644 data_europe/NOVO-B.CO_1d.csv
 delete mode 100644 data_europe/NOVO-B.CO_1w.csv
 delete mode 100644 data_europe/NTGY.MC_1d.csv
 delete mode 100644 data_europe/NTGY.MC_1w.csv
 delete mode 100644 data_europe/NWG.L_1d.csv
 delete mode 100644 data_europe/NWG.L_1w.csv
 delete mode 100644 data_europe/NXT.L_1d.csv
 delete mode 100644 data_europe/NXT.L_1w.csv
 delete mode 100644 data_europe/OR.PA_1d.csv
 delete mode 100644 data_europe/OR.PA_1w.csv
 delete mode 100644 data_europe/ORA.PA_1d.csv
 delete mode 100644 data_europe/ORA.PA_1w.csv
 delete mode 100644 data_europe/ORSTED.CO_1d.csv
 delete mode 100644 data_europe/ORSTED.CO_1w.csv
 delete mode 100644 data_europe/OUT1V.HE_1d.csv
 delete mode 100644 data_europe/OUT1V.HE_1w.csv
 delete mode 100644 data_europe/P911.DE_1d.csv
 delete mode 100644 data_europe/P911.DE_1w.csv
 delete mode 100644 data_europe/PHIA.AS_1d.csv
 delete mode 100644 data_europe/PHIA.AS_1w.csv
 delete mode 100644 data_europe/PHNX.L_1d.csv
 delete mode 100644 data_europe/PHNX.L_1w.csv
 delete mode 100644 data_europe/PKN.WA_1d.csv
 delete mode 100644 data_europe/PKN.WA_1w.csv
 delete mode 100644 data_europe/PRU.L_1d.csv
 delete mode 100644 data_europe/PRU.L_1w.csv
 delete mode 100644 data_europe/PRX.AS_1d.csv
 delete mode 100644 data_europe/PRX.AS_1w.csv
 delete mode 100644 data_europe/PSM.DE_1d.csv
 delete mode 100644 data_europe/PSM.DE_1w.csv
 delete mode 100644 data_europe/PSN.L_1d.csv
 delete mode 100644 data_europe/PSN.L_1w.csv
 delete mode 100644 data_europe/PSON.L_1d.csv
 delete mode 100644 data_europe/PSON.L_1w.csv
 delete mode 100644 data_europe/PST.MI_1d.csv
 delete mode 100644 data_europe/PST.MI_1w.csv
 delete mode 100644 data_europe/PUM.DE_1d.csv
 delete mode 100644 data_europe/PUM.DE_1w.csv
 delete mode 100644 data_europe/QIA.DE_1d.csv
 delete mode 100644 data_europe/QIA.DE_1w.csv
 delete mode 100644 data_europe/RAA.DE_1d.csv
 delete mode 100644 data_europe/RAA.DE_1w.csv
 delete mode 100644 data_europe/REC.MI_1d.csv
 delete mode 100644 data_europe/REC.MI_1w.csv
 delete mode 100644 data_europe/REL.L_1d.csv
 delete mode 100644 data_europe/REL.L_1w.csv
 delete mode 100644 data_europe/RHM.DE_1d.csv
 delete mode 100644 data_europe/RHM.DE_1w.csv
 delete mode 100644 data_europe/RI.PA_1d.csv
 delete mode 100644 data_europe/RI.PA_1w.csv
 delete mode 100644 data_europe/RIO.L_1d.csv
 delete mode 100644 data_europe/RIO.L_1w.csv
 delete mode 100644 data_europe/RMS.PA_1d.csv
 delete mode 100644 data_europe/RMS.PA_1w.csv
 delete mode 100644 data_europe/RNO.PA_1d.csv
 delete mode 100644 data_europe/RNO.PA_1w.csv
 delete mode 100644 data_europe/ROCK-B.CO_1d.csv
 delete mode 100644 data_europe/ROCK-B.CO_1w.csv
 delete mode 100644 data_europe/ROG.SW_1d.csv
 delete mode 100644 data_europe/ROG.SW_1w.csv
 delete mode 100644 data_europe/RR.L_1d.csv
 delete mode 100644 data_europe/RR.L_1w.csv
 delete mode 100644 data_europe/RRTL.DE_1d.csv
 delete mode 100644 data_europe/RRTL.DE_1w.csv
 delete mode 100644 data_europe/RS1.L_1d.csv
 delete mode 100644 data_europe/RS1.L_1w.csv
 delete mode 100644 data_europe/RWE.DE_1d.csv
 delete mode 100644 data_europe/RWE.DE_1w.csv
 delete mode 100644 data_europe/SAB.MC_1d.csv
 delete mode 100644 data_europe/SAB.MC_1w.csv
 delete mode 100644 data_europe/SAGA-B.ST_1d.csv
 delete mode 100644 data_europe/SAGA-B.ST_1w.csv
 delete mode 100644 data_europe/SAN.MC_1d.csv
 delete mode 100644 data_europe/SAN.MC_1w.csv
 delete mode 100644 data_europe/SAN.PA_1d.csv
 delete mode 100644 data_europe/SAN.PA_1w.csv
 delete mode 100644 data_europe/SAND.ST_1d.csv
 delete mode 100644 data_europe/SAND.ST_1w.csv
 delete mode 100644 data_europe/SAP.DE_1d.csv
 delete mode 100644 data_europe/SAP.DE_1w.csv
 delete mode 100644 data_europe/SASA.IS_1d.csv
 delete mode 100644 data_europe/SASA.IS_1w.csv
 delete mode 100644 data_europe/SBRY.L_1d.csv
 delete mode 100644 data_europe/SBRY.L_1w.csv
 delete mode 100644 data_europe/SCA-B.ST_1d.csv
 delete mode 100644 data_europe/SCA-B.ST_1w.csv
 delete mode 100644 data_europe/SCMN.SW_1d.csv
 delete mode 100644 data_europe/SCMN.SW_1w.csv
 delete mode 100644 data_europe/SDF.DE_1d.csv
 delete mode 100644 data_europe/SDF.DE_1w.csv
 delete mode 100644 data_europe/SDR.L_1d.csv
 delete mode 100644 data_europe/SDR.L_1w.csv
 delete mode 100644 data_europe/SEB-A.ST_1d.csv
 delete mode 100644 data_europe/SEB-A.ST_1w.csv
 delete mode 100644 data_europe/SGE.L_1d.csv
 delete mode 100644 data_europe/SGE.L_1w.csv
 delete mode 100644 data_europe/SGL.DE_1d.csv
 delete mode 100644 data_europe/SGL.DE_1w.csv
 delete mode 100644 data_europe/SGO.PA_1d.csv
 delete mode 100644 data_europe/SGO.PA_1w.csv
 delete mode 100644 data_europe/SGRO.L_1d.csv
 delete mode 100644 data_europe/SGRO.L_1w.csv
 delete mode 100644 data_europe/SGSN.SW_1d.csv
 delete mode 100644 data_europe/SGSN.SW_1w.csv
 delete mode 100644 data_europe/SHB-A.ST_1d.csv
 delete mode 100644 data_europe/SHB-A.ST_1w.csv
 delete mode 100644 data_europe/SHEL.L_1d.csv
 delete mode 100644 data_europe/SHEL.L_1w.csv
 delete mode 100644 data_europe/SIE.DE_1d.csv
 delete mode 100644 data_europe/SIE.DE_1w.csv
 delete mode 100644 data_europe/SIKA.SW_1d.csv
 delete mode 100644 data_europe/SIKA.SW_1w.csv
 delete mode 100644 data_europe/SINCH.ST_1d.csv
 delete mode 100644 data_europe/SINCH.ST_1w.csv
 delete mode 100644 data_europe/SKF-B.ST_1d.csv
 delete mode 100644 data_europe/SKF-B.ST_1w.csv
 delete mode 100644 data_europe/SMT.L_1d.csv
 delete mode 100644 data_europe/SMT.L_1w.csv
 delete mode 100644 data_europe/SMWH.L_1d.csv
 delete mode 100644 data_europe/SMWH.L_1w.csv
 delete mode 100644 data_europe/SPM.MI_1d.csv
 delete mode 100644 data_europe/SPM.MI_1w.csv
 delete mode 100644 data_europe/SPX.L_1d.csv
 delete mode 100644 data_europe/SPX.L_1w.csv
 delete mode 100644 data_europe/SRG.MI_1d.csv
 delete mode 100644 data_europe/SRG.MI_1w.csv
 delete mode 100644 data_europe/SRT.DE_1d.csv
 delete mode 100644 data_europe/SRT.DE_1w.csv
 delete mode 100644 data_europe/SSAB-A.ST_1d.csv
 delete mode 100644 data_europe/SSAB-A.ST_1w.csv
 delete mode 100644 data_europe/STAN.L_1d.csv
 delete mode 100644 data_europe/STAN.L_1w.csv
 delete mode 100644 data_europe/STERV.HE_1d.csv
 delete mode 100644 data_europe/STERV.HE_1w.csv
 delete mode 100644 data_europe/STLAM.MI_1d.csv
 delete mode 100644 data_europe/STLAM.MI_1w.csv
 delete mode 100644 data_europe/STMPA.PA_1d.csv
 delete mode 100644 data_europe/STMPA.PA_1w.csv
 delete mode 100644 data_europe/SU.PA_1d.csv
 delete mode 100644 data_europe/SU.PA_1w.csv
 delete mode 100644 data_europe/SW.PA_1d.csv
 delete mode 100644 data_europe/SW.PA_1w.csv
 delete mode 100644 data_europe/SWED-A.ST_1d.csv
 delete mode 100644 data_europe/SWED-A.ST_1w.csv
 delete mode 100644 data_europe/SY1.DE_1d.csv
 delete mode 100644 data_europe/SY1.DE_1w.csv
 delete mode 100644 data_europe/TATE.L_1d.csv
 delete mode 100644 data_europe/TATE.L_1w.csv
 delete mode 100644 data_europe/TEF.MC_1d.csv
 delete mode 100644 data_europe/TEF.MC_1w.csv
 delete mode 100644 data_europe/TEL2-B.ST_1d.csv
 delete mode 100644 data_europe/TEL2-B.ST_1w.csv
 delete mode 100644 data_europe/TELIA.ST_1d.csv
 delete mode 100644 data_europe/TELIA.ST_1w.csv
 delete mode 100644 data_europe/TEMN.SW_1d.csv
 delete mode 100644 data_europe/TEMN.SW_1w.csv
 delete mode 100644 data_europe/TEN.MI_1d.csv
 delete mode 100644 data_europe/TEN.MI_1w.csv
 delete mode 100644 data_europe/TEP.PA_1d.csv
 delete mode 100644 data_europe/TEP.PA_1w.csv
 delete mode 100644 data_europe/THYAO.IS_1d.csv
 delete mode 100644 data_europe/THYAO.IS_1w.csv
 delete mode 100644 data_europe/TIT.MI_1d.csv
 delete mode 100644 data_europe/TIT.MI_1w.csv
 delete mode 100644 data_europe/TKA.DE_1d.csv
 delete mode 100644 data_europe/TKA.DE_1w.csv
 delete mode 100644 data_europe/TPK.L_1d.csv
 delete mode 100644 data_europe/TPK.L_1w.csv
 delete mode 100644 data_europe/TREL-B.ST_1d.csv
 delete mode 100644 data_europe/TREL-B.ST_1w.csv
 delete mode 100644 data_europe/TRN.MI_1d.csv
 delete mode 100644 data_europe/TRN.MI_1w.csv
 delete mode 100644 data_europe/TRV.DE_1d.csv
 delete mode 100644 data_europe/TRV.DE_1w.csv
 delete mode 100644 data_europe/TRYG.CO_1d.csv
 delete mode 100644 data_europe/TRYG.CO_1w.csv
 delete mode 100644 data_europe/TSCO.L_1d.csv
 delete mode 100644 data_europe/TSCO.L_1w.csv
 delete mode 100644 data_europe/TTE.PA_1d.csv
 delete mode 100644 data_europe/TTE.PA_1w.csv
 delete mode 100644 data_europe/TW.L_1d.csv
 delete mode 100644 data_europe/TW.L_1w.csv
 delete mode 100644 data_europe/UCB.BR_1d.csv
 delete mode 100644 data_europe/UCB.BR_1w.csv
 delete mode 100644 data_europe/UCG.MI_1d.csv
 delete mode 100644 data_europe/UCG.MI_1w.csv
 delete mode 100644 data_europe/ULVR.L_1d.csv
 delete mode 100644 data_europe/ULVR.L_1w.csv
 delete mode 100644 data_europe/UNI.MI_1d.csv
 delete mode 100644 data_europe/UNI.MI_1w.csv
 delete mode 100644 data_europe/UPM.HE_1d.csv
 delete mode 100644 data_europe/UPM.HE_1w.csv
 delete mode 100644 data_europe/URW.PA_1d.csv
 delete mode 100644 data_europe/URW.PA_1w.csv
 delete mode 100644 data_europe/UTG.L_1d.csv
 delete mode 100644 data_europe/UTG.L_1w.csv
 delete mode 100644 data_europe/VIE.PA_1d.csv
 delete mode 100644 data_europe/VIE.PA_1w.csv
 delete mode 100644 data_europe/VIV.PA_1d.csv
 delete mode 100644 data_europe/VIV.PA_1w.csv
 delete mode 100644 data_europe/VNA.DE_1d.csv
 delete mode 100644 data_europe/VNA.DE_1w.csv
 delete mode 100644 data_europe/VOD.L_1d.csv
 delete mode 100644 data_europe/VOD.L_1w.csv
 delete mode 100644 data_europe/VOLV-B.ST_1d.csv
 delete mode 100644 data_europe/VOLV-B.ST_1w.csv
 delete mode 100644 data_europe/VOW3.DE_1d.csv
 delete mode 100644 data_europe/VOW3.DE_1w.csv
 delete mode 100644 data_europe/VWS.CO_1d.csv
 delete mode 100644 data_europe/VWS.CO_1w.csv
 delete mode 100644 data_europe/WCH.DE_1d.csv
 delete mode 100644 data_europe/WCH.DE_1w.csv
 delete mode 100644 data_europe/WEIR.L_1d.csv
 delete mode 100644 data_europe/WEIR.L_1w.csv
 delete mode 100644 data_europe/WHR.L_1d.csv
 delete mode 100644 data_europe/WHR.L_1w.csv
 delete mode 100644 data_europe/WKL.AS_1d.csv
 delete mode 100644 data_europe/WKL.AS_1w.csv
 delete mode 100644 data_europe/WLN.PA_1d.csv
 delete mode 100644 data_europe/WLN.PA_1w.csv
 delete mode 100644 data_europe/WOSG.L_1d.csv
 delete mode 100644 data_europe/WOSG.L_1w.csv
 delete mode 100644 data_europe/WPP.L_1d.csv
 delete mode 100644 data_europe/WPP.L_1w.csv
 delete mode 100644 data_europe/WRT1V.HE_1d.csv
 delete mode 100644 data_europe/WRT1V.HE_1w.csv
 delete mode 100644 data_europe/WTB.L_1d.csv
 delete mode 100644 data_europe/WTB.L_1w.csv
 delete mode 100644 data_europe/ZAL.DE_1d.csv
 delete mode 100644 data_europe/ZAL.DE_1w.csv
 delete mode 100644 data_europe/ZURN.SW_1d.csv
 delete mode 100644 data_europe/ZURN.SW_1w.csv
 delete mode 100644 data_sp500/AAPL_1d.csv
 delete mode 100644 data_sp500/AAPL_1w.csv
 delete mode 100644 data_sp500/ABBV_1d.csv
 delete mode 100644 data_sp500/ABBV_1w.csv
 delete mode 100644 data_sp500/ABNB_1d.csv
 delete mode 100644 data_sp500/ABNB_1w.csv
 delete mode 100644 data_sp500/ABT_1d.csv
 delete mode 100644 data_sp500/ABT_1w.csv
 delete mode 100644 data_sp500/ACGL_1d.csv
 delete mode 100644 data_sp500/ACGL_1w.csv
 delete mode 100644 data_sp500/ACN_1d.csv
 delete mode 100644 data_sp500/ACN_1w.csv
 delete mode 100644 data_sp500/ADI_1d.csv
 delete mode 100644 data_sp500/ADI_1w.csv
 delete mode 100644 data_sp500/ADM_1d.csv
 delete mode 100644 data_sp500/ADM_1w.csv
 delete mode 100644 data_sp500/ADP_1d.csv
 delete mode 100644 data_sp500/ADP_1w.csv
 delete mode 100644 data_sp500/ADSK_1d.csv
 delete mode 100644 data_sp500/ADSK_1w.csv
 delete mode 100644 data_sp500/AEE_1d.csv
 delete mode 100644 data_sp500/AEE_1w.csv
 delete mode 100644 data_sp500/AEP_1d.csv
 delete mode 100644 data_sp500/AEP_1w.csv
 delete mode 100644 data_sp500/AES_1d.csv
 delete mode 100644 data_sp500/AES_1w.csv
 delete mode 100644 data_sp500/AFL_1d.csv
 delete mode 100644 data_sp500/AFL_1w.csv
 delete mode 100644 data_sp500/AIG_1d.csv
 delete mode 100644 data_sp500/AIG_1w.csv
 delete mode 100644 data_sp500/AIZ_1d.csv
 delete mode 100644 data_sp500/AIZ_1w.csv
 delete mode 100644 data_sp500/AJG_1d.csv
 delete mode 100644 data_sp500/AJG_1w.csv
 delete mode 100644 data_sp500/AKAM_1d.csv
 delete mode 100644 data_sp500/AKAM_1w.csv
 delete mode 100644 data_sp500/ALB_1d.csv
 delete mode 100644 data_sp500/ALB_1w.csv
 delete mode 100644 data_sp500/ALGN_1d.csv
 delete mode 100644 data_sp500/ALGN_1w.csv
 delete mode 100644 data_sp500/ALLE_1d.csv
 delete mode 100644 data_sp500/ALLE_1w.csv
 delete mode 100644 data_sp500/ALL_1d.csv
 delete mode 100644 data_sp500/ALL_1w.csv
 delete mode 100644 data_sp500/AMAT_1d.csv
 delete mode 100644 data_sp500/AMAT_1w.csv
 delete mode 100644 data_sp500/AMCR_1d.csv
 delete mode 100644 data_sp500/AMCR_1w.csv
 delete mode 100644 data_sp500/AMD_1d.csv
 delete mode 100644 data_sp500/AMD_1w.csv
 delete mode 100644 data_sp500/AME_1d.csv
 delete mode 100644 data_sp500/AME_1w.csv
 delete mode 100644 data_sp500/AMGN_1d.csv
 delete mode 100644 data_sp500/AMGN_1w.csv
 delete mode 100644 data_sp500/AMP_1d.csv
 delete mode 100644 data_sp500/AMP_1w.csv
 delete mode 100644 data_sp500/AMT_1d.csv
 delete mode 100644 data_sp500/AMT_1w.csv
 delete mode 100644 data_sp500/AMZN_1d.csv
 delete mode 100644 data_sp500/AMZN_1w.csv
 delete mode 100644 data_sp500/ANET_1d.csv
 delete mode 100644 data_sp500/ANET_1w.csv
 delete mode 100644 data_sp500/AON_1d.csv
 delete mode 100644 data_sp500/AON_1w.csv
 delete mode 100644 data_sp500/AOS_1d.csv
 delete mode 100644 data_sp500/AOS_1w.csv
 delete mode 100644 data_sp500/APA_1d.csv
 delete mode 100644 data_sp500/APA_1w.csv
 delete mode 100644 data_sp500/APD_1d.csv
 delete mode 100644 data_sp500/APD_1w.csv
 delete mode 100644 data_sp500/APH_1d.csv
 delete mode 100644 data_sp500/APH_1w.csv
 delete mode 100644 data_sp500/APO_1d.csv
 delete mode 100644 data_sp500/APO_1w.csv
 delete mode 100644 data_sp500/APP_1d.csv
 delete mode 100644 data_sp500/APP_1w.csv
 delete mode 100644 data_sp500/APTV_1d.csv
 delete mode 100644 data_sp500/APTV_1w.csv
 delete mode 100644 data_sp500/ARES_1d.csv
 delete mode 100644 data_sp500/ARES_1w.csv
 delete mode 100644 data_sp500/ARE_1d.csv
 delete mode 100644 data_sp500/ARE_1w.csv
 delete mode 100644 data_sp500/ATO_1d.csv
 delete mode 100644 data_sp500/ATO_1w.csv
 delete mode 100644 data_sp500/AVB_1d.csv
 delete mode 100644 data_sp500/AVB_1w.csv
 delete mode 100644 data_sp500/AVGO_1d.csv
 delete mode 100644 data_sp500/AVGO_1w.csv
 delete mode 100644 data_sp500/AVY_1d.csv
 delete mode 100644 data_sp500/AVY_1w.csv
 delete mode 100644 data_sp500/AWK_1d.csv
 delete mode 100644 data_sp500/AWK_1w.csv
 delete mode 100644 data_sp500/AXON_1d.csv
 delete mode 100644 data_sp500/AXON_1w.csv
 delete mode 100644 data_sp500/AXP_1d.csv
 delete mode 100644 data_sp500/AXP_1w.csv
 delete mode 100644 data_sp500/A_1d.csv
 delete mode 100644 data_sp500/A_1w.csv
 delete mode 100644 data_sp500/BAC_1d.csv
 delete mode 100644 data_sp500/BAC_1w.csv
 delete mode 100644 data_sp500/BALL_1d.csv
 delete mode 100644 data_sp500/BALL_1w.csv
 delete mode 100644 data_sp500/BAX_1d.csv
 delete mode 100644 data_sp500/BAX_1w.csv
 delete mode 100644 data_sp500/BA_1d.csv
 delete mode 100644 data_sp500/BA_1w.csv
 delete mode 100644 data_sp500/BBY_1d.csv
 delete mode 100644 data_sp500/BBY_1w.csv
 delete mode 100644 data_sp500/BDX_1d.csv
 delete mode 100644 data_sp500/BDX_1w.csv
 delete mode 100644 data_sp500/BEN_1d.csv
 delete mode 100644 data_sp500/BEN_1w.csv
 delete mode 100644 data_sp500/BG_1d.csv
 delete mode 100644 data_sp500/BG_1w.csv
 delete mode 100644 data_sp500/BIIB_1d.csv
 delete mode 100644 data_sp500/BIIB_1w.csv
 delete mode 100644 data_sp500/BKR_1d.csv
 delete mode 100644 data_sp500/BKR_1w.csv
 delete mode 100644 data_sp500/BK_1d.csv
 delete mode 100644 data_sp500/BK_1w.csv
 delete mode 100644 data_sp500/BLDR_1d.csv
 delete mode 100644 data_sp500/BLDR_1w.csv
 delete mode 100644 data_sp500/BMY_1d.csv
 delete mode 100644 data_sp500/BMY_1w.csv
 delete mode 100644 data_sp500/BRO_1d.csv
 delete mode 100644 data_sp500/BRO_1w.csv
 delete mode 100644 data_sp500/BR_1d.csv
 delete mode 100644 data_sp500/BR_1w.csv
 delete mode 100644 data_sp500/BSX_1d.csv
 delete mode 100644 data_sp500/BSX_1w.csv
 delete mode 100644 data_sp500/BXP_1d.csv
 delete mode 100644 data_sp500/BXP_1w.csv
 delete mode 100644 data_sp500/BX_1d.csv
 delete mode 100644 data_sp500/BX_1w.csv
 delete mode 100644 data_sp500/CAG_1d.csv
 delete mode 100644 data_sp500/CAG_1w.csv
 delete mode 100644 data_sp500/CAH_1d.csv
 delete mode 100644 data_sp500/CAH_1w.csv
 delete mode 100644 data_sp500/CARR_1d.csv
 delete mode 100644 data_sp500/CARR_1w.csv
 delete mode 100644 data_sp500/CAT_1d.csv
 delete mode 100644 data_sp500/CAT_1w.csv
 delete mode 100644 data_sp500/CBOE_1d.csv
 delete mode 100644 data_sp500/CBOE_1w.csv
 delete mode 100644 data_sp500/CBRE_1d.csv
 delete mode 100644 data_sp500/CBRE_1w.csv
 delete mode 100644 data_sp500/CB_1d.csv
 delete mode 100644 data_sp500/CB_1w.csv
 delete mode 100644 data_sp500/CCI_1d.csv
 delete mode 100644 data_sp500/CCI_1w.csv
 delete mode 100644 data_sp500/CCL_1d.csv
 delete mode 100644 data_sp500/CCL_1w.csv
 delete mode 100644 data_sp500/CDNS_1d.csv
 delete mode 100644 data_sp500/CDNS_1w.csv
 delete mode 100644 data_sp500/CDW_1d.csv
 delete mode 100644 data_sp500/CDW_1w.csv
 delete mode 100644 data_sp500/CEG_1d.csv
 delete mode 100644 data_sp500/CEG_1w.csv
 delete mode 100644 data_sp500/CFG_1d.csv
 delete mode 100644 data_sp500/CFG_1w.csv
 delete mode 100644 data_sp500/CF_1d.csv
 delete mode 100644 data_sp500/CF_1w.csv
 delete mode 100644 data_sp500/CHD_1d.csv
 delete mode 100644 data_sp500/CHD_1w.csv
 delete mode 100644 data_sp500/CHRW_1d.csv
 delete mode 100644 data_sp500/CHRW_1w.csv
 delete mode 100644 data_sp500/CHTR_1d.csv
 delete mode 100644 data_sp500/CHTR_1w.csv
 delete mode 100644 data_sp500/CINF_1d.csv
 delete mode 100644 data_sp500/CINF_1w.csv
 delete mode 100644 data_sp500/CI_1d.csv
 delete mode 100644 data_sp500/CI_1w.csv
 delete mode 100644 data_sp500/CLX_1d.csv
 delete mode 100644 data_sp500/CLX_1w.csv
 delete mode 100644 data_sp500/CL_1d.csv
 delete mode 100644 data_sp500/CL_1w.csv
 delete mode 100644 data_sp500/CMCSA_1d.csv
 delete mode 100644 data_sp500/CMCSA_1w.csv
 delete mode 100644 data_sp500/CME_1d.csv
 delete mode 100644 data_sp500/CME_1w.csv
 delete mode 100644 data_sp500/CMG_1d.csv
 delete mode 100644 data_sp500/CMG_1w.csv
 delete mode 100644 data_sp500/CMI_1d.csv
 delete mode 100644 data_sp500/CMI_1w.csv
 delete mode 100644 data_sp500/CMS_1d.csv
 delete mode 100644 data_sp500/CMS_1w.csv
 delete mode 100644 data_sp500/CNC_1d.csv
 delete mode 100644 data_sp500/CNC_1w.csv
 delete mode 100644 data_sp500/CNP_1d.csv
 delete mode 100644 data_sp500/CNP_1w.csv
 delete mode 100644 data_sp500/COF_1d.csv
 delete mode 100644 data_sp500/COF_1w.csv
 delete mode 100644 data_sp500/COIN_1d.csv
 delete mode 100644 data_sp500/COIN_1w.csv
 delete mode 100644 data_sp500/COO_1d.csv
 delete mode 100644 data_sp500/COO_1w.csv
 delete mode 100644 data_sp500/COP_1d.csv
 delete mode 100644 data_sp500/COP_1w.csv
 delete mode 100644 data_sp500/COR_1d.csv
 delete mode 100644 data_sp500/COR_1w.csv
 delete mode 100644 data_sp500/CPAY_1d.csv
 delete mode 100644 data_sp500/CPAY_1w.csv
 delete mode 100644 data_sp500/CPB_1d.csv
 delete mode 100644 data_sp500/CPB_1w.csv
 delete mode 100644 data_sp500/CPRT_1d.csv
 delete mode 100644 data_sp500/CPRT_1w.csv
 delete mode 100644 data_sp500/CPT_1d.csv
 delete mode 100644 data_sp500/CPT_1w.csv
 delete mode 100644 data_sp500/CRH_1d.csv
 delete mode 100644 data_sp500/CRH_1w.csv
 delete mode 100644 data_sp500/CRL_1d.csv
 delete mode 100644 data_sp500/CRL_1w.csv
 delete mode 100644 data_sp500/CRM_1d.csv
 delete mode 100644 data_sp500/CRM_1w.csv
 delete mode 100644 data_sp500/CRWD_1d.csv
 delete mode 100644 data_sp500/CRWD_1w.csv
 delete mode 100644 data_sp500/CSCO_1d.csv
 delete mode 100644 data_sp500/CSCO_1w.csv
 delete mode 100644 data_sp500/CSGP_1d.csv
 delete mode 100644 data_sp500/CSGP_1w.csv
 delete mode 100644 data_sp500/CSX_1d.csv
 delete mode 100644 data_sp500/CSX_1w.csv
 delete mode 100644 data_sp500/CTAS_1d.csv
 delete mode 100644 data_sp500/CTAS_1w.csv
 delete mode 100644 data_sp500/CTRA_1d.csv
 delete mode 100644 data_sp500/CTRA_1w.csv
 delete mode 100644 data_sp500/CTSH_1d.csv
 delete mode 100644 data_sp500/CTSH_1w.csv
 delete mode 100644 data_sp500/CTVA_1d.csv
 delete mode 100644 data_sp500/CTVA_1w.csv
 delete mode 100644 data_sp500/CVNA_1d.csv
 delete mode 100644 data_sp500/CVNA_1w.csv
 delete mode 100644 data_sp500/CVS_1d.csv
 delete mode 100644 data_sp500/CVS_1w.csv
 delete mode 100644 data_sp500/CVX_1d.csv
 delete mode 100644 data_sp500/CVX_1w.csv
 delete mode 100644 data_sp500/C_1d.csv
 delete mode 100644 data_sp500/C_1w.csv
 delete mode 100644 data_sp500/DAL_1d.csv
 delete mode 100644 data_sp500/DAL_1w.csv
 delete mode 100644 data_sp500/DASH_1d.csv
 delete mode 100644 data_sp500/DASH_1w.csv
 delete mode 100644 data_sp500/DAY_1d.csv
 delete mode 100644 data_sp500/DAY_1w.csv
 delete mode 100644 data_sp500/DDOG_1d.csv
 delete mode 100644 data_sp500/DDOG_1w.csv
 delete mode 100644 data_sp500/DD_1d.csv
 delete mode 100644 data_sp500/DD_1w.csv
 delete mode 100644 data_sp500/DECK_1d.csv
 delete mode 100644 data_sp500/DECK_1w.csv
 delete mode 100644 data_sp500/DELL_1d.csv
 delete mode 100644 data_sp500/DELL_1w.csv
 delete mode 100644 data_sp500/DE_1d.csv
 delete mode 100644 data_sp500/DE_1w.csv
 delete mode 100644 data_sp500/DGX_1d.csv
 delete mode 100644 data_sp500/DGX_1w.csv
 delete mode 100644 data_sp500/DG_1d.csv
 delete mode 100644 data_sp500/DG_1w.csv
 delete mode 100644 data_sp500/DHI_1d.csv
 delete mode 100644 data_sp500/DHI_1w.csv
 delete mode 100644 data_sp500/DHR_1d.csv
 delete mode 100644 data_sp500/DHR_1w.csv
 delete mode 100644 data_sp500/DIS_1d.csv
 delete mode 100644 data_sp500/DIS_1w.csv
 delete mode 100644 data_sp500/DLR_1d.csv
 delete mode 100644 data_sp500/DLR_1w.csv
 delete mode 100644 data_sp500/DLTR_1d.csv
 delete mode 100644 data_sp500/DLTR_1w.csv
 delete mode 100644 data_sp500/DOC_1d.csv
 delete mode 100644 data_sp500/DOC_1w.csv
 delete mode 100644 data_sp500/DOV_1d.csv
 delete mode 100644 data_sp500/DOV_1w.csv
 delete mode 100644 data_sp500/DOW_1d.csv
 delete mode 100644 data_sp500/DOW_1w.csv
 delete mode 100644 data_sp500/DPZ_1d.csv
 delete mode 100644 data_sp500/DPZ_1w.csv
 delete mode 100644 data_sp500/DRI_1d.csv
 delete mode 100644 data_sp500/DRI_1w.csv
 delete mode 100644 data_sp500/DTE_1d.csv
 delete mode 100644 data_sp500/DTE_1w.csv
 delete mode 100644 data_sp500/DUK_1d.csv
 delete mode 100644 data_sp500/DUK_1w.csv
 delete mode 100644 data_sp500/DVA_1d.csv
 delete mode 100644 data_sp500/DVA_1w.csv
 delete mode 100644 data_sp500/DVN_1d.csv
 delete mode 100644 data_sp500/DVN_1w.csv
 delete mode 100644 data_sp500/DXCM_1d.csv
 delete mode 100644 data_sp500/DXCM_1w.csv
 delete mode 100644 data_sp500/D_1d.csv
 delete mode 100644 data_sp500/D_1w.csv
 delete mode 100644 data_sp500/EA_1d.csv
 delete mode 100644 data_sp500/EA_1w.csv
 delete mode 100644 data_sp500/EBAY_1d.csv
 delete mode 100644 data_sp500/EBAY_1w.csv
 delete mode 100644 data_sp500/ECL_1d.csv
 delete mode 100644 data_sp500/ECL_1w.csv
 delete mode 100644 data_sp500/ED_1d.csv
 delete mode 100644 data_sp500/ED_1w.csv
 delete mode 100644 data_sp500/EFX_1d.csv
 delete mode 100644 data_sp500/EFX_1w.csv
 delete mode 100644 data_sp500/EG_1d.csv
 delete mode 100644 data_sp500/EG_1w.csv
 delete mode 100644 data_sp500/EIX_1d.csv
 delete mode 100644 data_sp500/EIX_1w.csv
 delete mode 100644 data_sp500/ELV_1d.csv
 delete mode 100644 data_sp500/ELV_1w.csv
 delete mode 100644 data_sp500/EL_1d.csv
 delete mode 100644 data_sp500/EL_1w.csv
 delete mode 100644 data_sp500/EME_1d.csv
 delete mode 100644 data_sp500/EME_1w.csv
 delete mode 100644 data_sp500/EMR_1d.csv
 delete mode 100644 data_sp500/EMR_1w.csv
 delete mode 100644 data_sp500/EOG_1d.csv
 delete mode 100644 data_sp500/EOG_1w.csv
 delete mode 100644 data_sp500/EPAM_1d.csv
 delete mode 100644 data_sp500/EPAM_1w.csv
 delete mode 100644 data_sp500/EQR_1d.csv
 delete mode 100644 data_sp500/EQR_1w.csv
 delete mode 100644 data_sp500/EQT_1d.csv
 delete mode 100644 data_sp500/EQT_1w.csv
 delete mode 100644 data_sp500/ERIE_1d.csv
 delete mode 100644 data_sp500/ERIE_1w.csv
 delete mode 100644 data_sp500/ESS_1d.csv
 delete mode 100644 data_sp500/ESS_1w.csv
 delete mode 100644 data_sp500/ES_1d.csv
 delete mode 100644 data_sp500/ES_1w.csv
 delete mode 100644 data_sp500/ETN_1d.csv
 delete mode 100644 data_sp500/ETN_1w.csv
 delete mode 100644 data_sp500/ETR_1d.csv
 delete mode 100644 data_sp500/ETR_1w.csv
 delete mode 100644 data_sp500/EVRG_1d.csv
 delete mode 100644 data_sp500/EVRG_1w.csv
 delete mode 100644 data_sp500/EW_1d.csv
 delete mode 100644 data_sp500/EW_1w.csv
 delete mode 100644 data_sp500/EXC_1d.csv
 delete mode 100644 data_sp500/EXC_1w.csv
 delete mode 100644 data_sp500/EXE_1d.csv
 delete mode 100644 data_sp500/EXE_1w.csv
 delete mode 100644 data_sp500/EXPD_1d.csv
 delete mode 100644 data_sp500/EXPD_1w.csv
 delete mode 100644 data_sp500/EXPE_1d.csv
 delete mode 100644 data_sp500/EXPE_1w.csv
 delete mode 100644 data_sp500/EXR_1d.csv
 delete mode 100644 data_sp500/EXR_1w.csv
 delete mode 100644 data_sp500/FANG_1d.csv
 delete mode 100644 data_sp500/FANG_1w.csv
 delete mode 100644 data_sp500/FAST_1d.csv
 delete mode 100644 data_sp500/FAST_1w.csv
 delete mode 100644 data_sp500/FCX_1d.csv
 delete mode 100644 data_sp500/FCX_1w.csv
 delete mode 100644 data_sp500/FDS_1d.csv
 delete mode 100644 data_sp500/FDS_1w.csv
 delete mode 100644 data_sp500/FDX_1d.csv
 delete mode 100644 data_sp500/FDX_1w.csv
 delete mode 100644 data_sp500/FE_1d.csv
 delete mode 100644 data_sp500/FE_1w.csv
 delete mode 100644 data_sp500/FFIV_1d.csv
 delete mode 100644 data_sp500/FFIV_1w.csv
 delete mode 100644 data_sp500/FISV_1d.csv
 delete mode 100644 data_sp500/FISV_1w.csv
 delete mode 100644 data_sp500/FIS_1d.csv
 delete mode 100644 data_sp500/FIS_1w.csv
 delete mode 100644 data_sp500/FITB_1d.csv
 delete mode 100644 data_sp500/FITB_1w.csv
 delete mode 100644 data_sp500/FIX_1d.csv
 delete mode 100644 data_sp500/FIX_1w.csv
 delete mode 100644 data_sp500/FOXA_1d.csv
 delete mode 100644 data_sp500/FOXA_1w.csv
 delete mode 100644 data_sp500/FOX_1d.csv
 delete mode 100644 data_sp500/FOX_1w.csv
 delete mode 100644 data_sp500/FRT_1d.csv
 delete mode 100644 data_sp500/FRT_1w.csv
 delete mode 100644 data_sp500/FSLR_1d.csv
 delete mode 100644 data_sp500/FSLR_1w.csv
 delete mode 100644 data_sp500/FTNT_1d.csv
 delete mode 100644 data_sp500/FTNT_1w.csv
 delete mode 100644 data_sp500/FTV_1d.csv
 delete mode 100644 data_sp500/FTV_1w.csv
 delete mode 100644 data_sp500/F_1d.csv
 delete mode 100644 data_sp500/F_1w.csv
 delete mode 100644 data_sp500/GDDY_1d.csv
 delete mode 100644 data_sp500/GDDY_1w.csv
 delete mode 100644 data_sp500/GD_1d.csv
 delete mode 100644 data_sp500/GD_1w.csv
 delete mode 100644 data_sp500/GEHC_1d.csv
 delete mode 100644 data_sp500/GEHC_1w.csv
 delete mode 100644 data_sp500/GEN_1d.csv
 delete mode 100644 data_sp500/GEN_1w.csv
 delete mode 100644 data_sp500/GEV_1d.csv
 delete mode 100644 data_sp500/GEV_1w.csv
 delete mode 100644 data_sp500/GE_1d.csv
 delete mode 100644 data_sp500/GE_1w.csv
 delete mode 100644 data_sp500/GILD_1d.csv
 delete mode 100644 data_sp500/GILD_1w.csv
 delete mode 100644 data_sp500/GIS_1d.csv
 delete mode 100644 data_sp500/GIS_1w.csv
 delete mode 100644 data_sp500/GLW_1d.csv
 delete mode 100644 data_sp500/GLW_1w.csv
 delete mode 100644 data_sp500/GL_1d.csv
 delete mode 100644 data_sp500/GL_1w.csv
 delete mode 100644 data_sp500/GM_1d.csv
 delete mode 100644 data_sp500/GM_1w.csv
 delete mode 100644 data_sp500/GNRC_1d.csv
 delete mode 100644 data_sp500/GNRC_1w.csv
 delete mode 100644 data_sp500/GOOGL_1d.csv
 delete mode 100644 data_sp500/GOOGL_1w.csv
 delete mode 100644 data_sp500/GOOG_1d.csv
 delete mode 100644 data_sp500/GOOG_1w.csv
 delete mode 100644 data_sp500/GPC_1d.csv
 delete mode 100644 data_sp500/GPC_1w.csv
 delete mode 100644 data_sp500/GPN_1d.csv
 delete mode 100644 data_sp500/GPN_1w.csv
 delete mode 100644 data_sp500/GRMN_1d.csv
 delete mode 100644 data_sp500/GRMN_1w.csv
 delete mode 100644 data_sp500/GS_1d.csv
 delete mode 100644 data_sp500/GS_1w.csv
 delete mode 100644 data_sp500/HAL_1d.csv
 delete mode 100644 data_sp500/HAL_1w.csv
 delete mode 100644 data_sp500/HAS_1d.csv
 delete mode 100644 data_sp500/HAS_1w.csv
 delete mode 100644 data_sp500/HBAN_1d.csv
 delete mode 100644 data_sp500/HBAN_1w.csv
 delete mode 100644 data_sp500/HCA_1d.csv
 delete mode 100644 data_sp500/HCA_1w.csv
 delete mode 100644 data_sp500/HD_1d.csv
 delete mode 100644 data_sp500/HD_1w.csv
 delete mode 100644 data_sp500/HIG_1d.csv
 delete mode 100644 data_sp500/HIG_1w.csv
 delete mode 100644 data_sp500/HII_1d.csv
 delete mode 100644 data_sp500/HII_1w.csv
 delete mode 100644 data_sp500/HLT_1d.csv
 delete mode 100644 data_sp500/HLT_1w.csv
 delete mode 100644 data_sp500/HOLX_1d.csv
 delete mode 100644 data_sp500/HOLX_1w.csv
 delete mode 100644 data_sp500/HON_1d.csv
 delete mode 100644 data_sp500/HON_1w.csv
 delete mode 100644 data_sp500/HOOD_1d.csv
 delete mode 100644 data_sp500/HOOD_1w.csv
 delete mode 100644 data_sp500/HPE_1d.csv
 delete mode 100644 data_sp500/HPE_1w.csv
 delete mode 100644 data_sp500/HPQ_1d.csv
 delete mode 100644 data_sp500/HPQ_1w.csv
 delete mode 100644 data_sp500/HRL_1d.csv
 delete mode 100644 data_sp500/HRL_1w.csv
 delete mode 100644 data_sp500/HSIC_1d.csv
 delete mode 100644 data_sp500/HSIC_1w.csv
 delete mode 100644 data_sp500/HST_1d.csv
 delete mode 100644 data_sp500/HST_1w.csv
 delete mode 100644 data_sp500/HSY_1d.csv
 delete mode 100644 data_sp500/HSY_1w.csv
 delete mode 100644 data_sp500/HUBB_1d.csv
 delete mode 100644 data_sp500/HUBB_1w.csv
 delete mode 100644 data_sp500/HUM_1d.csv
 delete mode 100644 data_sp500/HUM_1w.csv
 delete mode 100644 data_sp500/HWM_1d.csv
 delete mode 100644 data_sp500/HWM_1w.csv
 delete mode 100644 data_sp500/IBKR_1d.csv
 delete mode 100644 data_sp500/IBKR_1w.csv
 delete mode 100644 data_sp500/IBM_1d.csv
 delete mode 100644 data_sp500/IBM_1w.csv
 delete mode 100644 data_sp500/ICE_1d.csv
 delete mode 100644 data_sp500/ICE_1w.csv
 delete mode 100644 data_sp500/IEX_1d.csv
 delete mode 100644 data_sp500/IEX_1w.csv
 delete mode 100644 data_sp500/IFF_1d.csv
 delete mode 100644 data_sp500/IFF_1w.csv
 delete mode 100644 data_sp500/INCY_1d.csv
 delete mode 100644 data_sp500/INCY_1w.csv
 delete mode 100644 data_sp500/INTC_1d.csv
 delete mode 100644 data_sp500/INTC_1w.csv
 delete mode 100644 data_sp500/INVH_1d.csv
 delete mode 100644 data_sp500/INVH_1w.csv
 delete mode 100644 data_sp500/IP_1d.csv
 delete mode 100644 data_sp500/IP_1w.csv
 delete mode 100644 data_sp500/IQV_1d.csv
 delete mode 100644 data_sp500/IQV_1w.csv
 delete mode 100644 data_sp500/IRM_1d.csv
 delete mode 100644 data_sp500/IRM_1w.csv
 delete mode 100644 data_sp500/IR_1d.csv
 delete mode 100644 data_sp500/IR_1w.csv
 delete mode 100644 data_sp500/ISRG_1d.csv
 delete mode 100644 data_sp500/ISRG_1w.csv
 delete mode 100644 data_sp500/ITW_1d.csv
 delete mode 100644 data_sp500/ITW_1w.csv
 delete mode 100644 data_sp500/IT_1d.csv
 delete mode 100644 data_sp500/IT_1w.csv
 delete mode 100644 data_sp500/IVZ_1d.csv
 delete mode 100644 data_sp500/IVZ_1w.csv
 delete mode 100644 data_sp500/JBHT_1d.csv
 delete mode 100644 data_sp500/JBHT_1w.csv
 delete mode 100644 data_sp500/JBL_1d.csv
 delete mode 100644 data_sp500/JBL_1w.csv
 delete mode 100644 data_sp500/JCI_1d.csv
 delete mode 100644 data_sp500/JCI_1w.csv
 delete mode 100644 data_sp500/JKHY_1d.csv
 delete mode 100644 data_sp500/JKHY_1w.csv
 delete mode 100644 data_sp500/JNJ_1d.csv
 delete mode 100644 data_sp500/JNJ_1w.csv
 delete mode 100644 data_sp500/JPM_1d.csv
 delete mode 100644 data_sp500/JPM_1w.csv
 delete mode 100644 data_sp500/J_1d.csv
 delete mode 100644 data_sp500/J_1w.csv
 delete mode 100644 data_sp500/KDP_1d.csv
 delete mode 100644 data_sp500/KDP_1w.csv
 delete mode 100644 data_sp500/KEYS_1d.csv
 delete mode 100644 data_sp500/KEYS_1w.csv
 delete mode 100644 data_sp500/KEY_1d.csv
 delete mode 100644 data_sp500/KEY_1w.csv
 delete mode 100644 data_sp500/KHC_1d.csv
 delete mode 100644 data_sp500/KHC_1w.csv
 delete mode 100644 data_sp500/KIM_1d.csv
 delete mode 100644 data_sp500/KIM_1w.csv
 delete mode 100644 data_sp500/KKR_1d.csv
 delete mode 100644 data_sp500/KKR_1w.csv
 delete mode 100644 data_sp500/KMB_1d.csv
 delete mode 100644 data_sp500/KMB_1w.csv
 delete mode 100644 data_sp500/KMI_1d.csv
 delete mode 100644 data_sp500/KMI_1w.csv
 delete mode 100644 data_sp500/KO_1d.csv
 delete mode 100644 data_sp500/KO_1w.csv
 delete mode 100644 data_sp500/KR_1d.csv
 delete mode 100644 data_sp500/KR_1w.csv
 delete mode 100644 data_sp500/KVUE_1d.csv
 delete mode 100644 data_sp500/KVUE_1w.csv
 delete mode 100644 data_sp500/LDOS_1d.csv
 delete mode 100644 data_sp500/LDOS_1w.csv
 delete mode 100644 data_sp500/LEN_1d.csv
 delete mode 100644 data_sp500/LEN_1w.csv
 delete mode 100644 data_sp500/LHX_1d.csv
 delete mode 100644 data_sp500/LHX_1w.csv
 delete mode 100644 data_sp500/LH_1d.csv
 delete mode 100644 data_sp500/LH_1w.csv
 delete mode 100644 data_sp500/LII_1d.csv
 delete mode 100644 data_sp500/LII_1w.csv
 delete mode 100644 data_sp500/LIN_1d.csv
 delete mode 100644 data_sp500/LIN_1w.csv
 delete mode 100644 data_sp500/LMT_1d.csv
 delete mode 100644 data_sp500/LMT_1w.csv
 delete mode 100644 data_sp500/LNT_1d.csv
 delete mode 100644 data_sp500/LNT_1w.csv
 delete mode 100644 data_sp500/LOW_1d.csv
 delete mode 100644 data_sp500/LOW_1w.csv
 delete mode 100644 data_sp500/LRCX_1d.csv
 delete mode 100644 data_sp500/LRCX_1w.csv
 delete mode 100644 data_sp500/LULU_1d.csv
 delete mode 100644 data_sp500/LULU_1w.csv
 delete mode 100644 data_sp500/LUV_1d.csv
 delete mode 100644 data_sp500/LUV_1w.csv
 delete mode 100644 data_sp500/LVS_1d.csv
 delete mode 100644 data_sp500/LVS_1w.csv
 delete mode 100644 data_sp500/LW_1d.csv
 delete mode 100644 data_sp500/LW_1w.csv
 delete mode 100644 data_sp500/LYB_1d.csv
 delete mode 100644 data_sp500/LYB_1w.csv
 delete mode 100644 data_sp500/LYV_1d.csv
 delete mode 100644 data_sp500/LYV_1w.csv
 delete mode 100644 data_sp500/L_1d.csv
 delete mode 100644 data_sp500/L_1w.csv
 delete mode 100644 data_sp500/MAA_1d.csv
 delete mode 100644 data_sp500/MAA_1w.csv
 delete mode 100644 data_sp500/MAR_1d.csv
 delete mode 100644 data_sp500/MAR_1w.csv
 delete mode 100644 data_sp500/MAS_1d.csv
 delete mode 100644 data_sp500/MAS_1w.csv
 delete mode 100644 data_sp500/MA_1d.csv
 delete mode 100644 data_sp500/MA_1w.csv
 delete mode 100644 data_sp500/MCD_1d.csv
 delete mode 100644 data_sp500/MCD_1w.csv
 delete mode 100644 data_sp500/MCHP_1d.csv
 delete mode 100644 data_sp500/MCHP_1w.csv
 delete mode 100644 data_sp500/MCK_1d.csv
 delete mode 100644 data_sp500/MCK_1w.csv
 delete mode 100644 data_sp500/MCO_1d.csv
 delete mode 100644 data_sp500/MCO_1w.csv
 delete mode 100644 data_sp500/MDLZ_1d.csv
 delete mode 100644 data_sp500/MDLZ_1w.csv
 delete mode 100644 data_sp500/MDT_1d.csv
 delete mode 100644 data_sp500/MDT_1w.csv
 delete mode 100644 data_sp500/META_1d.csv
 delete mode 100644 data_sp500/META_1w.csv
 delete mode 100644 data_sp500/MET_1d.csv
 delete mode 100644 data_sp500/MET_1w.csv
 delete mode 100644 data_sp500/MGM_1d.csv
 delete mode 100644 data_sp500/MGM_1w.csv
 delete mode 100644 data_sp500/MKC_1d.csv
 delete mode 100644 data_sp500/MKC_1w.csv
 delete mode 100644 data_sp500/MLM_1d.csv
 delete mode 100644 data_sp500/MLM_1w.csv
 delete mode 100644 data_sp500/MMC_1d.csv
 delete mode 100644 data_sp500/MMC_1w.csv
 delete mode 100644 data_sp500/MMM_1d.csv
 delete mode 100644 data_sp500/MMM_1w.csv
 delete mode 100644 data_sp500/MNST_1d.csv
 delete mode 100644 data_sp500/MNST_1w.csv
 delete mode 100644 data_sp500/MOH_1d.csv
 delete mode 100644 data_sp500/MOH_1w.csv
 delete mode 100644 data_sp500/MOS_1d.csv
 delete mode 100644 data_sp500/MOS_1w.csv
 delete mode 100644 data_sp500/MO_1d.csv
 delete mode 100644 data_sp500/MO_1w.csv
 delete mode 100644 data_sp500/MPC_1d.csv
 delete mode 100644 data_sp500/MPC_1w.csv
 delete mode 100644 data_sp500/MRK_1d.csv
 delete mode 100644 data_sp500/MRK_1w.csv
 delete mode 100644 data_sp500/MRNA_1d.csv
 delete mode 100644 data_sp500/MRNA_1w.csv
 delete mode 100644 data_sp500/MSFT_1d.csv
 delete mode 100644 data_sp500/MSFT_1w.csv
 delete mode 100644 data_sp500/MSI_1d.csv
 delete mode 100644 data_sp500/MSI_1w.csv
 delete mode 100644 data_sp500/MS_1d.csv
 delete mode 100644 data_sp500/MS_1w.csv
 delete mode 100644 data_sp500/MTB_1d.csv
 delete mode 100644 data_sp500/MTB_1w.csv
 delete mode 100644 data_sp500/MTCH_1d.csv
 delete mode 100644 data_sp500/MTCH_1w.csv
 delete mode 100644 data_sp500/MU_1d.csv
 delete mode 100644 data_sp500/MU_1w.csv
 delete mode 100644 data_sp500/NCLH_1d.csv
 delete mode 100644 data_sp500/NCLH_1w.csv
 delete mode 100644 data_sp500/NDAQ_1d.csv
 delete mode 100644 data_sp500/NDAQ_1w.csv
 delete mode 100644 data_sp500/NDSN_1d.csv
 delete mode 100644 data_sp500/NDSN_1w.csv
 delete mode 100644 data_sp500/NEE_1d.csv
 delete mode 100644 data_sp500/NEE_1w.csv
 delete mode 100644 data_sp500/NEM_1d.csv
 delete mode 100644 data_sp500/NEM_1w.csv
 delete mode 100644 data_sp500/NFLX_1d.csv
 delete mode 100644 data_sp500/NFLX_1w.csv
 delete mode 100644 data_sp500/NI_1d.csv
 delete mode 100644 data_sp500/NI_1w.csv
 delete mode 100644 data_sp500/NKE_1d.csv
 delete mode 100644 data_sp500/NKE_1w.csv
 delete mode 100644 data_sp500/NOC_1d.csv
 delete mode 100644 data_sp500/NOC_1w.csv
 delete mode 100644 data_sp500/NOW_1d.csv
 delete mode 100644 data_sp500/NOW_1w.csv
 delete mode 100644 data_sp500/NRG_1d.csv
 delete mode 100644 data_sp500/NRG_1w.csv
 delete mode 100644 data_sp500/NSC_1d.csv
 delete mode 100644 data_sp500/NSC_1w.csv
 delete mode 100644 data_sp500/NTAP_1d.csv
 delete mode 100644 data_sp500/NTAP_1w.csv
 delete mode 100644 data_sp500/NTRS_1d.csv
 delete mode 100644 data_sp500/NTRS_1w.csv
 delete mode 100644 data_sp500/NUE_1d.csv
 delete mode 100644 data_sp500/NUE_1w.csv
 delete mode 100644 data_sp500/NVDA_1d.csv
 delete mode 100644 data_sp500/NVDA_1w.csv
 delete mode 100644 data_sp500/NWSA_1d.csv
 delete mode 100644 data_sp500/NWSA_1w.csv
 delete mode 100644 data_sp500/NWS_1d.csv
 delete mode 100644 data_sp500/NWS_1w.csv
 delete mode 100644 data_sp500/NXPI_1d.csv
 delete mode 100644 data_sp500/NXPI_1w.csv
 delete mode 100644 data_sp500/ODFL_1d.csv
 delete mode 100644 data_sp500/ODFL_1w.csv
 delete mode 100644 data_sp500/OKE_1d.csv
 delete mode 100644 data_sp500/OKE_1w.csv
 delete mode 100644 data_sp500/OMC_1d.csv
 delete mode 100644 data_sp500/OMC_1w.csv
 delete mode 100644 data_sp500/ON_1d.csv
 delete mode 100644 data_sp500/ON_1w.csv
 delete mode 100644 data_sp500/ORCL_1d.csv
 delete mode 100644 data_sp500/ORCL_1w.csv
 delete mode 100644 data_sp500/ORLY_1d.csv
 delete mode 100644 data_sp500/ORLY_1w.csv
 delete mode 100644 data_sp500/OTIS_1d.csv
 delete mode 100644 data_sp500/OTIS_1w.csv
 delete mode 100644 data_sp500/OXY_1d.csv
 delete mode 100644 data_sp500/OXY_1w.csv
 delete mode 100644 data_sp500/O_1d.csv
 delete mode 100644 data_sp500/O_1w.csv
 delete mode 100644 data_sp500/PANW_1d.csv
 delete mode 100644 data_sp500/PANW_1w.csv
 delete mode 100644 data_sp500/PAYC_1d.csv
 delete mode 100644 data_sp500/PAYC_1w.csv
 delete mode 100644 data_sp500/PAYX_1d.csv
 delete mode 100644 data_sp500/PAYX_1w.csv
 delete mode 100644 data_sp500/PCAR_1d.csv
 delete mode 100644 data_sp500/PCAR_1w.csv
 delete mode 100644 data_sp500/PCG_1d.csv
 delete mode 100644 data_sp500/PCG_1w.csv
 delete mode 100644 data_sp500/PEG_1d.csv
 delete mode 100644 data_sp500/PEG_1w.csv
 delete mode 100644 data_sp500/PEP_1d.csv
 delete mode 100644 data_sp500/PEP_1w.csv
 delete mode 100644 data_sp500/PFE_1d.csv
 delete mode 100644 data_sp500/PFE_1w.csv
 delete mode 100644 data_sp500/PFG_1d.csv
 delete mode 100644 data_sp500/PFG_1w.csv
 delete mode 100644 data_sp500/PGR_1d.csv
 delete mode 100644 data_sp500/PGR_1w.csv
 delete mode 100644 data_sp500/PG_1d.csv
 delete mode 100644 data_sp500/PG_1w.csv
 delete mode 100644 data_sp500/PHM_1d.csv
 delete mode 100644 data_sp500/PHM_1w.csv
 delete mode 100644 data_sp500/PH_1d.csv
 delete mode 100644 data_sp500/PH_1w.csv
 delete mode 100644 data_sp500/PKG_1d.csv
 delete mode 100644 data_sp500/PKG_1w.csv
 delete mode 100644 data_sp500/PLD_1d.csv
 delete mode 100644 data_sp500/PLD_1w.csv
 delete mode 100644 data_sp500/PLTR_1d.csv
 delete mode 100644 data_sp500/PLTR_1w.csv
 delete mode 100644 data_sp500/PM_1d.csv
 delete mode 100644 data_sp500/PM_1w.csv
 delete mode 100644 data_sp500/PNC_1d.csv
 delete mode 100644 data_sp500/PNC_1w.csv
 delete mode 100644 data_sp500/PNR_1d.csv
 delete mode 100644 data_sp500/PNR_1w.csv
 delete mode 100644 data_sp500/PNW_1d.csv
 delete mode 100644 data_sp500/PNW_1w.csv
 delete mode 100644 data_sp500/PODD_1d.csv
 delete mode 100644 data_sp500/PODD_1w.csv
 delete mode 100644 data_sp500/POOL_1d.csv
 delete mode 100644 data_sp500/POOL_1w.csv
 delete mode 100644 data_sp500/PPG_1d.csv
 delete mode 100644 data_sp500/PPG_1w.csv
 delete mode 100644 data_sp500/PPL_1d.csv
 delete mode 100644 data_sp500/PPL_1w.csv
 delete mode 100644 data_sp500/PRU_1d.csv
 delete mode 100644 data_sp500/PRU_1w.csv
 delete mode 100644 data_sp500/PSA_1d.csv
 delete mode 100644 data_sp500/PSA_1w.csv
 delete mode 100644 data_sp500/PSKY_1d.csv
 delete mode 100644 data_sp500/PSKY_1w.csv
 delete mode 100644 data_sp500/PSX_1d.csv
 delete mode 100644 data_sp500/PSX_1w.csv
 delete mode 100644 data_sp500/PTC_1d.csv
 delete mode 100644 data_sp500/PTC_1w.csv
 delete mode 100644 data_sp500/PWR_1d.csv
 delete mode 100644 data_sp500/PWR_1w.csv
 delete mode 100644 data_sp500/PYPL_1d.csv
 delete mode 100644 data_sp500/PYPL_1w.csv
 delete mode 100644 data_sp500/QCOM_1d.csv
 delete mode 100644 data_sp500/QCOM_1w.csv
 delete mode 100644 data_sp500/Q_1d.csv
 delete mode 100644 data_sp500/Q_1w.csv
 delete mode 100644 data_sp500/RCL_1d.csv
 delete mode 100644 data_sp500/RCL_1w.csv
 delete mode 100644 data_sp500/REG_1d.csv
 delete mode 100644 data_sp500/REG_1w.csv
 delete mode 100644 data_sp500/RF_1d.csv
 delete mode 100644 data_sp500/RF_1w.csv
 delete mode 100644 data_sp500/RJF_1d.csv
 delete mode 100644 data_sp500/RJF_1w.csv
 delete mode 100644 data_sp500/RL_1d.csv
 delete mode 100644 data_sp500/RL_1w.csv
 delete mode 100644 data_sp500/RMD_1d.csv
 delete mode 100644 data_sp500/RMD_1w.csv
 delete mode 100644 data_sp500/ROK_1d.csv
 delete mode 100644 data_sp500/ROK_1w.csv
 delete mode 100644 data_sp500/ROL_1d.csv
 delete mode 100644 data_sp500/ROL_1w.csv
 delete mode 100644 data_sp500/ROST_1d.csv
 delete mode 100644 data_sp500/ROST_1w.csv
 delete mode 100644 data_sp500/RSG_1d.csv
 delete mode 100644 data_sp500/RSG_1w.csv
 delete mode 100644 data_sp500/RTX_1d.csv
 delete mode 100644 data_sp500/RTX_1w.csv
 delete mode 100644 data_sp500/RVTY_1d.csv
 delete mode 100644 data_sp500/RVTY_1w.csv
 delete mode 100644 data_sp500/SBAC_1d.csv
 delete mode 100644 data_sp500/SBAC_1w.csv
 delete mode 100644 data_sp500/SBUX_1d.csv
 delete mode 100644 data_sp500/SBUX_1w.csv
 delete mode 100644 data_sp500/SCHW_1d.csv
 delete mode 100644 data_sp500/SCHW_1w.csv
 delete mode 100644 data_sp500/SHW_1d.csv
 delete mode 100644 data_sp500/SHW_1w.csv
 delete mode 100644 data_sp500/SJM_1d.csv
 delete mode 100644 data_sp500/SJM_1w.csv
 delete mode 100644 data_sp500/SLB_1d.csv
 delete mode 100644 data_sp500/SLB_1w.csv
 delete mode 100644 data_sp500/SMCI_1d.csv
 delete mode 100644 data_sp500/SMCI_1w.csv
 delete mode 100644 data_sp500/SNA_1d.csv
 delete mode 100644 data_sp500/SNA_1w.csv
 delete mode 100644 data_sp500/SNDK_1d.csv
 delete mode 100644 data_sp500/SNDK_1w.csv
 delete mode 100644 data_sp500/SNPS_1d.csv
 delete mode 100644 data_sp500/SNPS_1w.csv
 delete mode 100644 data_sp500/SOLV_1d.csv
 delete mode 100644 data_sp500/SOLV_1w.csv
 delete mode 100644 data_sp500/SO_1d.csv
 delete mode 100644 data_sp500/SO_1w.csv
 delete mode 100644 data_sp500/SPGI_1d.csv
 delete mode 100644 data_sp500/SPGI_1w.csv
 delete mode 100644 data_sp500/SPG_1d.csv
 delete mode 100644 data_sp500/SPG_1w.csv
 delete mode 100644 data_sp500/SRE_1d.csv
 delete mode 100644 data_sp500/SRE_1w.csv
 delete mode 100644 data_sp500/STE_1d.csv
 delete mode 100644 data_sp500/STE_1w.csv
 delete mode 100644 data_sp500/STLD_1d.csv
 delete mode 100644 data_sp500/STLD_1w.csv
 delete mode 100644 data_sp500/STT_1d.csv
 delete mode 100644 data_sp500/STT_1w.csv
 delete mode 100644 data_sp500/STX_1d.csv
 delete mode 100644 data_sp500/STX_1w.csv
 delete mode 100644 data_sp500/STZ_1d.csv
 delete mode 100644 data_sp500/STZ_1w.csv
 delete mode 100644 data_sp500/SWKS_1d.csv
 delete mode 100644 data_sp500/SWKS_1w.csv
 delete mode 100644 data_sp500/SWK_1d.csv
 delete mode 100644 data_sp500/SWK_1w.csv
 delete mode 100644 data_sp500/SW_1d.csv
 delete mode 100644 data_sp500/SW_1w.csv
 delete mode 100644 data_sp500/SYF_1d.csv
 delete mode 100644 data_sp500/SYF_1w.csv
 delete mode 100644 data_sp500/SYK_1d.csv
 delete mode 100644 data_sp500/SYK_1w.csv
 delete mode 100644 data_sp500/SYY_1d.csv
 delete mode 100644 data_sp500/SYY_1w.csv
 delete mode 100644 data_sp500/TAP_1d.csv
 delete mode 100644 data_sp500/TAP_1w.csv
 delete mode 100644 data_sp500/TDY_1d.csv
 delete mode 100644 data_sp500/TDY_1w.csv
 delete mode 100644 data_sp500/TECH_1d.csv
 delete mode 100644 data_sp500/TECH_1w.csv
 delete mode 100644 data_sp500/TEL_1d.csv
 delete mode 100644 data_sp500/TEL_1w.csv
 delete mode 100644 data_sp500/TER_1d.csv
 delete mode 100644 data_sp500/TER_1w.csv
 delete mode 100644 data_sp500/TFC_1d.csv
 delete mode 100644 data_sp500/TFC_1w.csv
 delete mode 100644 data_sp500/TGT_1d.csv
 delete mode 100644 data_sp500/TGT_1w.csv
 delete mode 100644 data_sp500/TJX_1d.csv
 delete mode 100644 data_sp500/TJX_1w.csv
 delete mode 100644 data_sp500/TKO_1d.csv
 delete mode 100644 data_sp500/TKO_1w.csv
 delete mode 100644 data_sp500/TMUS_1d.csv
 delete mode 100644 data_sp500/TMUS_1w.csv
 delete mode 100644 data_sp500/TPL_1d.csv
 delete mode 100644 data_sp500/TPL_1w.csv
 delete mode 100644 data_sp500/TPR_1d.csv
 delete mode 100644 data_sp500/TPR_1w.csv
 delete mode 100644 data_sp500/TRGP_1d.csv
 delete mode 100644 data_sp500/TRGP_1w.csv
 delete mode 100644 data_sp500/TRMB_1d.csv
 delete mode 100644 data_sp500/TRMB_1w.csv
 delete mode 100644 data_sp500/TROW_1d.csv
 delete mode 100644 data_sp500/TROW_1w.csv
 delete mode 100644 data_sp500/TRV_1d.csv
 delete mode 100644 data_sp500/TRV_1w.csv
 delete mode 100644 data_sp500/TSCO_1d.csv
 delete mode 100644 data_sp500/TSCO_1w.csv
 delete mode 100644 data_sp500/TSLA_1d.csv
 delete mode 100644 data_sp500/TSLA_1w.csv
 delete mode 100644 data_sp500/TSN_1d.csv
 delete mode 100644 data_sp500/TSN_1w.csv
 delete mode 100644 data_sp500/TTD_1d.csv
 delete mode 100644 data_sp500/TTD_1w.csv
 delete mode 100644 data_sp500/TTWO_1d.csv
 delete mode 100644 data_sp500/TTWO_1w.csv
 delete mode 100644 data_sp500/TT_1d.csv
 delete mode 100644 data_sp500/TT_1w.csv
 delete mode 100644 data_sp500/TXN_1d.csv
 delete mode 100644 data_sp500/TXN_1w.csv
 delete mode 100644 data_sp500/TXT_1d.csv
 delete mode 100644 data_sp500/TXT_1w.csv
 delete mode 100644 data_sp500/TYL_1d.csv
 delete mode 100644 data_sp500/TYL_1w.csv
 delete mode 100644 data_sp500/T_1d.csv
 delete mode 100644 data_sp500/T_1w.csv
 delete mode 100644 data_sp500/UAL_1d.csv
 delete mode 100644 data_sp500/UAL_1w.csv
 delete mode 100644 data_sp500/UBER_1d.csv
 delete mode 100644 data_sp500/UBER_1w.csv
 delete mode 100644 data_sp500/UDR_1d.csv
 delete mode 100644 data_sp500/UDR_1w.csv
 delete mode 100644 data_sp500/UHS_1d.csv
 delete mode 100644 data_sp500/UHS_1w.csv
 delete mode 100644 data_sp500/ULTA_1d.csv
 delete mode 100644 data_sp500/ULTA_1w.csv
 delete mode 100644 data_sp500/UNP_1d.csv
 delete mode 100644 data_sp500/UNP_1w.csv
 delete mode 100644 data_sp500/UPS_1d.csv
 delete mode 100644 data_sp500/UPS_1w.csv
 delete mode 100644 data_sp500/USB_1d.csv
 delete mode 100644 data_sp500/USB_1w.csv
 delete mode 100644 data_sp500/VICI_1d.csv
 delete mode 100644 data_sp500/VICI_1w.csv
 delete mode 100644 data_sp500/VLO_1d.csv
 delete mode 100644 data_sp500/VLO_1w.csv
 delete mode 100644 data_sp500/VLTO_1d.csv
 delete mode 100644 data_sp500/VLTO_1w.csv
 delete mode 100644 data_sp500/VMC_1d.csv
 delete mode 100644 data_sp500/VMC_1w.csv
 delete mode 100644 data_sp500/VRSK_1d.csv
 delete mode 100644 data_sp500/VRSK_1w.csv
 delete mode 100644 data_sp500/VRSN_1d.csv
 delete mode 100644 data_sp500/VRSN_1w.csv
 delete mode 100644 data_sp500/VRTX_1d.csv
 delete mode 100644 data_sp500/VRTX_1w.csv
 delete mode 100644 data_sp500/VST_1d.csv
 delete mode 100644 data_sp500/VST_1w.csv
 delete mode 100644 data_sp500/VTRS_1d.csv
 delete mode 100644 data_sp500/VTRS_1w.csv
 delete mode 100644 data_sp500/VTR_1d.csv
 delete mode 100644 data_sp500/VTR_1w.csv
 delete mode 100644 data_sp500/VZ_1d.csv
 delete mode 100644 data_sp500/VZ_1w.csv
 delete mode 100644 data_sp500/V_1d.csv
 delete mode 100644 data_sp500/V_1w.csv
 delete mode 100644 data_sp500/WAB_1d.csv
 delete mode 100644 data_sp500/WAB_1w.csv
 delete mode 100644 data_sp500/WAT_1d.csv
 delete mode 100644 data_sp500/WAT_1w.csv
 delete mode 100644 data_sp500/WBD_1d.csv
 delete mode 100644 data_sp500/WBD_1w.csv
 delete mode 100644 data_sp500/WDAY_1d.csv
 delete mode 100644 data_sp500/WDAY_1w.csv
 delete mode 100644 data_sp500/WDC_1d.csv
 delete mode 100644 data_sp500/WDC_1w.csv
 delete mode 100644 data_sp500/WEC_1d.csv
 delete mode 100644 data_sp500/WEC_1w.csv
 delete mode 100644 data_sp500/WELL_1d.csv
 delete mode 100644 data_sp500/WELL_1w.csv
 delete mode 100644 data_sp500/WFC_1d.csv
 delete mode 100644 data_sp500/WFC_1w.csv
 delete mode 100644 data_sp500/WMB_1d.csv
 delete mode 100644 data_sp500/WMB_1w.csv
 delete mode 100644 data_sp500/WMT_1d.csv
 delete mode 100644 data_sp500/WMT_1w.csv
 delete mode 100644 data_sp500/WM_1d.csv
 delete mode 100644 data_sp500/WM_1w.csv
 delete mode 100644 data_sp500/WRB_1d.csv
 delete mode 100644 data_sp500/WRB_1w.csv
 delete mode 100644 data_sp500/WSM_1d.csv
 delete mode 100644 data_sp500/WSM_1w.csv
 delete mode 100644 data_sp500/WST_1d.csv
 delete mode 100644 data_sp500/WST_1w.csv
 delete mode 100644 data_sp500/WTW_1d.csv
 delete mode 100644 data_sp500/WTW_1w.csv
 delete mode 100644 data_sp500/WYNN_1d.csv
 delete mode 100644 data_sp500/WYNN_1w.csv
 delete mode 100644 data_sp500/WY_1d.csv
 delete mode 100644 data_sp500/WY_1w.csv
 delete mode 100644 data_sp500/XEL_1d.csv
 delete mode 100644 data_sp500/XEL_1w.csv
 delete mode 100644 data_sp500/XOM_1d.csv
 delete mode 100644 data_sp500/XOM_1w.csv
 delete mode 100644 data_sp500/XYL_1d.csv
 delete mode 100644 data_sp500/XYL_1w.csv
 delete mode 100644 data_sp500/XYZ_1d.csv
 delete mode 100644 data_sp500/XYZ_1w.csv
 delete mode 100644 data_sp500/YUM_1d.csv
 delete mode 100644 data_sp500/YUM_1w.csv
 delete mode 100644 data_sp500/ZBH_1d.csv
 delete mode 100644 data_sp500/ZBH_1w.csv
 delete mode 100644 data_sp500/ZBRA_1d.csv
 delete mode 100644 data_sp500/ZBRA_1w.csv
 delete mode 100644 data_sp500/ZTS_1d.csv
 delete mode 100644 data_sp500/ZTS_1w.csv
Pushing to GitHub...
To https://github.com/sztunter2/tlustes.git
   809e743..342aa4d  main -> main
======================================
Push completed successfully
======================================
